
> server@1.0.0 test
> cross-env NODE_OPTIONS=--experimental-vm-modules jest tests/auth.test.js

node.exe : (node:8364) ExperimentalWarning: VM Modules is an experimental feature and might change at any time
At line:1 char:1
+ & "C:\Program Files\nodejs/node.exe" "C:\Users\saavi\AppData\Roaming\ ...
+ ~~~~~~~~~~~~~~~~~~~~~~~~~~~~~~~~~~~~~~~~~~~~~~~~~~~~~~~~~~~~~~~~~~~~~
    + CategoryInfo          : NotSpecified: ((node:8364) Exp...nge at any time:String) [], RemoteException
    + FullyQualifiedErrorId : NativeCommandError
 
(Use `node --trace-warnings ...` to show where the warning was created)
  console.log
    [DATABASE] Host junction.proxy.rlwy.net resolved to 66.33.22.241

      at connectDB (config/database.js:8:13)

  console.log
    [DATABASE] Attempting to connect to URI: junction.proxy.rlwy.net:15699

      at connectDB (config/database.js:13:11)

  console.log
    [REDIS] Connected successfully

      at EventEmitter.<anonymous> (services/liveState.service.js:8:35)

  console.log
    [DATABASE] Success! Connected to database: test

      at connectDB (config/database.js:19:13)

  console.log
    [DATABASE] Available Collections: [
      'professionalbookings',
      'teams',
      'communityposts',
      'users',
      'wallettransactions',
      'sessions',
      'matches',
      'notifications',
      'chats',
      'bookings',
      'hostedgames',
      'turves',
      'coupons',
      'otps',
      'disputes',
      'professionalavailabilities',
      'systemsettings',
      'cricketscorings',
      'ownerrequests',
      'adbanners',
      'timeslots',
      'stories',
      'withdrawalrequests',
      'supporttickets',
      'owners',
      'videos',
      'blogs',
      'featureflags',
      'reviews',
      'messages',
      'auditlogs'
    ]

      at connectDB (config/database.js:23:13)

  console.log
    [2026-05-13T06:53:27.137Z] POST /api/user/auth/register

      at app.js:18:11

  console.log
    User validation failed: gender: `male` is not a valid enum value for path `gender`.

      at registerUser (modules/auth/auth.controller.js:322:13)

  console.log
    Register Error: {
      success: false,
      message: 'User validation failed: gender: `male` is not a valid enum value for path `gender`.'
    }

      at Object.<anonymous> (tests/auth.test.js:45:15)

  console.log
    [2026-05-13T06:53:27.724Z] POST /api/user/auth/login

      at app.js:18:11

  console.log
    Unified login attempt for: test_1778655202881@example.com

      at login (modules/auth/auth.controller.js:469:11)

  console.log
    Login Error: { success: false, message: 'Account not found. Please sign up first.' }

      at Object.<anonymous> (tests/auth.test.js:61:15)

FAIL tests/auth.test.js (15.579 s)
  Auth Module API
    ├ù should register a new user (625 ms)
    ├ù should login the user (444 ms)

  ΓùÅ Auth Module API ΓÇ║ should register a new user

    expect(received).toEqual(expected) // deep equality

    Expected: 201
    Received: 500

    [0m [90m 45 |[39m       console[33m.[39mlog([32m"Register Error:"[39m[33m,[39m 
res[33m.[39mbody)[33m;[39m
     [90m 46 |[39m     }
    [31m[1m>[22m[39m[90m 47 |[39m     
expect(res[33m.[39mstatusCode)[33m.[39mtoEqual([35m201[39m)[33m;[39m
     [90m    |[39m                            [31m[1m^[22m[39m
     [90m 48 |[39m     expect(res[33m.[39mbody)[33m.[39mtoHaveProperty([32m"success"[39m[33m,[39m 
[36mtrue[39m)[33m;[39m
     [90m 49 |[39m     expect(res[33m.[39mbody)[33m.[39mtoHaveProperty([32m"token"[39m)[33m;[39m
     [90m 50 |[39m   })[33m;[39m[0m

      at Object.<anonymous> (tests/auth.test.js:47:28)

  ΓùÅ Auth Module API ΓÇ║ should login the user

    expect(received).toEqual(expected) // deep equality

    Expected: 200
    Received: 400

    [0m [90m 61 |[39m       console[33m.[39mlog([32m"Login Error:"[39m[33m,[39m res[33m.[39mbody)[33m;[39m
     [90m 62 |[39m     }
    [31m[1m>[22m[39m[90m 63 |[39m     
expect(res[33m.[39mstatusCode)[33m.[39mtoEqual([35m200[39m)[33m;[39m
     [90m    |[39m                            [31m[1m^[22m[39m
     [90m 64 |[39m     expect(res[33m.[39mbody)[33m.[39mtoHaveProperty([32m"success"[39m[33m,[39m 
[36mtrue[39m)[33m;[39m
     [90m 65 |[39m     expect(res[33m.[39mbody)[33m.[39mtoHaveProperty([32m"token"[39m)[33m;[39m
     [90m 66 |[39m     expect(res[33m.[39mbody)[33m.[39mtoHaveProperty([32m"role"[39m[33m,[39m 
[32m"user"[39m)[33m;[39m[0m

      at Object.<anonymous> (tests/auth.test.js:63:28)

Test Suites: 1 failed, 1 total
Tests:       2 failed, 2 total
Snapshots:   0 total
Time:        15.745 s
Ran all test suites matching /tests\\auth.test.js/i.
Jest did not exit one second after the test run has completed.

'This usually means that there are asynchronous operations that weren't stopped in your tests. Consider running Jest 
with `--detectOpenHandles` to troubleshoot this issue.
  console.error
    [REDIS] Connection error: Error: read ECONNRESET
        at TCP.onStreamRead (node:internal/stream_base_commons:216:20) {
      errno: -4077,
      code: 'ECONNRESET',
      syscall: 'read'
    }

    [0m [90m  7 |[39m
     [90m  8 |[39m redis[33m.[39mon([32m'connect'[39m[33m,[39m () [33m=>[39m console[33m.[39mlog([32m'[REDIS] Connected successfully'[39m))[33m;[39m
    [31m[1m>[22m[39m[90m  9 |[39m redis[33m.[39mon([32m'error'[39m[33m,[39m (err) [33m=>[39m console[33m.[39merror([32m'[REDIS] Connection error:'[39m[33m,[39m err))[33m;[39m
     [90m    |[39m                                    [31m[1m^[22m[39m
     [90m 10 |[39m
     [90m 11 |[39m [90m/**[39m
     [90m 12 |[39m [90m * Live State Management Service[39m[0m

      at EventEmitter.<anonymous> (services/liveState.service.js:9:36)
      at EventEmitter.silentEmit (node_modules/ioredis/built/Redis.js:529:30)
      at Socket.<anonymous> (node_modules/ioredis/built/redis/event_handler.js:221:14)

  console.error
    [REDIS] Connection error: Error: connect ETIMEDOUT
        at Socket.<anonymous> (C:\Users\saavi\OneDrive\Desktop\kridaz\kridaz\server\node_modules\ioredis\built\Redis.js:171:41)
        at Object.onceWrapper (node:events:622:28)
        at Socket.emit (node:events:508:28)
        at Socket._onTimeout (node:net:604:8)
        at listOnTimeout (node:internal/timers:605:17)
        at processTimers (node:internal/timers:541:7) {
      errorno: 'ETIMEDOUT',
      code: 'ETIMEDOUT',
      syscall: 'connect'
    }

    [0m [90m  7 |[39m
     [90m  8 |[39m redis[33m.[39mon([32m'connect'[39m[33m,[39m () [33m=>[39m console[33m.[39mlog([32m'[REDIS] Connected successfully'[39m))[33m;[39m
    [31m[1m>[22m[39m[90m  9 |[39m redis[33m.[39mon([32m'error'[39m[33m,[39m (err) [33m=>[39m console[33m.[39merror([32m'[REDIS] Connection error:'[39m[33m,[39m err))[33m;[39m
     [90m    |[39m                                    [31m[1m^[22m[39m
     [90m 10 |[39m
     [90m 11 |[39m [90m/**[39m
     [90m 12 |[39m [90m * Live State Management Service[39m[0m

      at EventEmitter.<anonymous> (services/liveState.service.js:9:36)
      at EventEmitter.silentEmit (node_modules/ioredis/built/Redis.js:529:30)
      at node_modules/ioredis/built/redis/event_handler.js:221:14
      at Socket.<anonymous> (node_modules/ioredis/built/Redis.js:178:61)

  console.error
    [REDIS] Connection error: Error: connect ETIMEDOUT
        at Socket.<anonymous> (C:\Users\saavi\OneDrive\Desktop\kridaz\kridaz\server\node_modules\ioredis\built\Redis.js:171:41)
        at Object.onceWrapper (node:events:622:28)
        at Socket.emit (node:events:508:28)
        at Socket._onTimeout (node:net:604:8)
        at listOnTimeout (node:internal/timers:605:17)
        at processTimers (node:internal/timers:541:7) {
      errorno: 'ETIMEDOUT',
      code: 'ETIMEDOUT',
      syscall: 'connect'
    }

    [0m [90m  7 |[39m
     [90m  8 |[39m redis[33m.[39mon([32m'connect'[39m[33m,[39m () [33m=>[39m console[33m.[39mlog([32m'[REDIS] Connected successfully'[39m))[33m;[39m
    [31m[1m>[22m[39m[90m  9 |[39m redis[33m.[39mon([32m'error'[39m[33m,[39m (err) [33m=>[39m console[33m.[39merror([32m'[REDIS] Connection error:'[39m[33m,[39m err))[33m;[39m
     [90m    |[39m                                    [31m[1m^[22m[39m
     [90m 10 |[39m
     [90m 11 |[39m [90m/**[39m
     [90m 12 |[39m [90m * Live State Management Service[39m[0m

      at EventEmitter.<anonymous> (services/liveState.service.js:9:36)
      at EventEmitter.silentEmit (node_modules/ioredis/built/Redis.js:529:30)
      at node_modules/ioredis/built/redis/event_handler.js:221:14
      at Socket.<anonymous> (node_modules/ioredis/built/Redis.js:178:61)


  ΓùÅ  Cannot log after tests are done. Did you forget to wait for something async in your test?
    Attempted to log "[REDIS] Connected successfully".

    [0m [90m  6 |[39m [36mconst[39m redis [33m=[39m [36mnew[39m 
[33mRedis[39m(process[33m.[39menv[33m.[39m[33mREDIS_URL[39m [33m||[39m 
[32m'redis://localhost:6379'[39m)[33m;[39m
     [90m  7 |[39m
    [31m[1m>[22m[39m[90m  8 |[39m redis[33m.[39mon([32m'connect'[39m[33m,[39m () [33m=>[39m 
console[33m.[39mlog([32m'[REDIS] Connected successfully'[39m))[33m;[39m
     [90m    |[39m                                   [31m[1m^[22m[39m
     [90m  9 |[39m redis[33m.[39mon([32m'error'[39m[33m,[39m (err) [33m=>[39m 
console[33m.[39merror([32m'[REDIS] Connection error:'[39m[33m,[39m err))[33m;[39m
     [90m 10 |[39m
     [90m 11 |[39m [90m/**[39m[0m

      at console.log (node_modules/@jest/console/build/CustomConsole.js:141:10)
      at EventEmitter.<anonymous> (services/liveState.service.js:8:35)

  console.error
    [REDIS] Connection error: Error: read ECONNRESET
        at TCP.onStreamRead (node:internal/stream_base_commons:216:20) {
      errno: -4077,
      code: 'ECONNRESET',
      syscall: 'read'
    }

    [0m [90m  7 |[39m
     [90m  8 |[39m redis[33m.[39mon([32m'connect'[39m[33m,[39m () [33m=>[39m console[33m.[39mlog([32m'[REDIS] Connected successfully'[39m))[33m;[39m
    [31m[1m>[22m[39m[90m  9 |[39m redis[33m.[39mon([32m'error'[39m[33m,[39m (err) [33m=>[39m console[33m.[39merror([32m'[REDIS] Connection error:'[39m[33m,[39m err))[33m;[39m
     [90m    |[39m                                    [31m[1m^[22m[39m
     [90m 10 |[39m
     [90m 11 |[39m [90m/**[39m
     [90m 12 |[39m [90m * Live State Management Service[39m[0m

      at EventEmitter.<anonymous> (services/liveState.service.js:9:36)
      at EventEmitter.silentEmit (node_modules/ioredis/built/Redis.js:529:30)
      at Socket.<anonymous> (node_modules/ioredis/built/redis/event_handler.js:221:14)

  console.error
    [REDIS] Connection error: Error: connect ETIMEDOUT
        at Socket.<anonymous> (C:\Users\saavi\OneDrive\Desktop\kridaz\kridaz\server\node_modules\ioredis\built\Redis.js:171:41)
        at Object.onceWrapper (node:events:622:28)
        at Socket.emit (node:events:508:28)
        at Socket._onTimeout (node:net:604:8)
        at listOnTimeout (node:internal/timers:605:17)
        at processTimers (node:internal/timers:541:7) {
      errorno: 'ETIMEDOUT',
      code: 'ETIMEDOUT',
      syscall: 'connect'
    }

    [0m [90m  7 |[39m
     [90m  8 |[39m redis[33m.[39mon([32m'connect'[39m[33m,[39m () [33m=>[39m console[33m.[39mlog([32m'[REDIS] Connected successfully'[39m))[33m;[39m
    [31m[1m>[22m[39m[90m  9 |[39m redis[33m.[39mon([32m'error'[39m[33m,[39m (err) [33m=>[39m console[33m.[39merror([32m'[REDIS] Connection error:'[39m[33m,[39m err))[33m;[39m
     [90m    |[39m                                    [31m[1m^[22m[39m
     [90m 10 |[39m
     [90m 11 |[39m [90m/**[39m
     [90m 12 |[39m [90m * Live State Management Service[39m[0m

      at EventEmitter.<anonymous> (services/liveState.service.js:9:36)
      at EventEmitter.silentEmit (node_modules/ioredis/built/Redis.js:529:30)
      at node_modules/ioredis/built/redis/event_handler.js:221:14
      at Socket.<anonymous> (node_modules/ioredis/built/Redis.js:178:61)

  console.error
    [REDIS] Connection error: Error: getaddrinfo ENOTFOUND turntable.proxy.rlwy.net
        at GetAddrInfoReqWrap.onlookupall [as oncomplete] (node:dns:122:26) {
      errno: -3008,
      code: 'ENOTFOUND',
      syscall: 'getaddrinfo',
      hostname: 'turntable.proxy.rlwy.net'
    }

    [0m [90m  7 |[39m
     [90m  8 |[39m redis[33m.[39mon([32m'connect'[39m[33m,[39m () [33m=>[39m console[33m.[39mlog([32m'[REDIS] Connected successfully'[39m))[33m;[39m
    [31m[1m>[22m[39m[90m  9 |[39m redis[33m.[39mon([32m'error'[39m[33m,[39m (err) [33m=>[39m console[33m.[39merror([32m'[REDIS] Connection error:'[39m[33m,[39m err))[33m;[39m
     [90m    |[39m                                    [31m[1m^[22m[39m
     [90m 10 |[39m
     [90m 11 |[39m [90m/**[39m
     [90m 12 |[39m [90m * Live State Management Service[39m[0m

      at EventEmitter.<anonymous> (services/liveState.service.js:9:36)
      at EventEmitter.silentEmit (node_modules/ioredis/built/Redis.js:529:30)
      at Socket.<anonymous> (node_modules/ioredis/built/redis/event_handler.js:221:14)


  ΓùÅ  Cannot log after tests are done. Did you forget to wait for something async in your test?
    Attempted to log "[REDIS] Connected successfully".

    [0m [90m  6 |[39m [36mconst[39m redis [33m=[39m [36mnew[39m 
[33mRedis[39m(process[33m.[39menv[33m.[39m[33mREDIS_URL[39m [33m||[39m 
[32m'redis://localhost:6379'[39m)[33m;[39m
     [90m  7 |[39m
    [31m[1m>[22m[39m[90m  8 |[39m redis[33m.[39mon([32m'connect'[39m[33m,[39m () [33m=>[39m 
console[33m.[39mlog([32m'[REDIS] Connected successfully'[39m))[33m;[39m
     [90m    |[39m                                   [31m[1m^[22m[39m
     [90m  9 |[39m redis[33m.[39mon([32m'error'[39m[33m,[39m (err) [33m=>[39m 
console[33m.[39merror([32m'[REDIS] Connection error:'[39m[33m,[39m err))[33m;[39m
     [90m 10 |[39m
     [90m 11 |[39m [90m/**[39m[0m

      at console.log (node_modules/@jest/console/build/CustomConsole.js:141:10)
      at EventEmitter.<anonymous> (services/liveState.service.js:8:35)

  console.error
    [REDIS] Connection error: Error: read ECONNRESET
        at TCP.onStreamRead (node:internal/stream_base_commons:216:20) {
      errno: -4077,
      code: 'ECONNRESET',
      syscall: 'read'
    }

    [0m [90m  7 |[39m
     [90m  8 |[39m redis[33m.[39mon([32m'connect'[39m[33m,[39m () [33m=>[39m console[33m.[39mlog([32m'[REDIS] Connected successfully'[39m))[33m;[39m
    [31m[1m>[22m[39m[90m  9 |[39m redis[33m.[39mon([32m'error'[39m[33m,[39m (err) [33m=>[39m console[33m.[39merror([32m'[REDIS] Connection error:'[39m[33m,[39m err))[33m;[39m
     [90m    |[39m                                    [31m[1m^[22m[39m
     [90m 10 |[39m
     [90m 11 |[39m [90m/**[39m
     [90m 12 |[39m [90m * Live State Management Service[39m[0m

      at EventEmitter.<anonymous> (services/liveState.service.js:9:36)
      at EventEmitter.silentEmit (node_modules/ioredis/built/Redis.js:529:30)
      at Socket.<anonymous> (node_modules/ioredis/built/redis/event_handler.js:221:14)

  console.error
    [REDIS] Connection error: Error: getaddrinfo ENOTFOUND turntable.proxy.rlwy.net
        at GetAddrInfoReqWrap.onlookupall [as oncomplete] (node:dns:122:26) {
      errno: -3008,
      code: 'ENOTFOUND',
      syscall: 'getaddrinfo',
      hostname: 'turntable.proxy.rlwy.net'
    }

    [0m [90m  7 |[39m
     [90m  8 |[39m redis[33m.[39mon([32m'connect'[39m[33m,[39m () [33m=>[39m console[33m.[39mlog([32m'[REDIS] Connected successfully'[39m))[33m;[39m
    [31m[1m>[22m[39m[90m  9 |[39m redis[33m.[39mon([32m'error'[39m[33m,[39m (err) [33m=>[39m console[33m.[39merror([32m'[REDIS] Connection error:'[39m[33m,[39m err))[33m;[39m
     [90m    |[39m                                    [31m[1m^[22m[39m
     [90m 10 |[39m
     [90m 11 |[39m [90m/**[39m
     [90m 12 |[39m [90m * Live State Management Service[39m[0m

      at EventEmitter.<anonymous> (services/liveState.service.js:9:36)
      at EventEmitter.silentEmit (node_modules/ioredis/built/Redis.js:529:30)
      at Socket.<anonymous> (node_modules/ioredis/built/redis/event_handler.js:221:14)


  ΓùÅ  Cannot log after tests are done. Did you forget to wait for something async in your test?
    Attempted to log "[REDIS] Connected successfully".

    [0m [90m  6 |[39m [36mconst[39m redis [33m=[39m [36mnew[39m 
[33mRedis[39m(process[33m.[39menv[33m.[39m[33mREDIS_URL[39m [33m||[39m 
[32m'redis://localhost:6379'[39m)[33m;[39m
     [90m  7 |[39m
    [31m[1m>[22m[39m[90m  8 |[39m redis[33m.[39mon([32m'connect'[39m[33m,[39m () [33m=>[39m 
console[33m.[39mlog([32m'[REDIS] Connected successfully'[39m))[33m;[39m
     [90m    |[39m                                   [31m[1m^[22m[39m
     [90m  9 |[39m redis[33m.[39mon([32m'error'[39m[33m,[39m (err) [33m=>[39m 
console[33m.[39merror([32m'[REDIS] Connection error:'[39m[33m,[39m err))[33m;[39m
     [90m 10 |[39m
     [90m 11 |[39m [90m/**[39m[0m

      at console.log (node_modules/@jest/console/build/CustomConsole.js:141:10)
      at EventEmitter.<anonymous> (services/liveState.service.js:8:35)

  console.error
    [REDIS] Connection error: Error: read ECONNRESET
        at TCP.onStreamRead (node:internal/stream_base_commons:216:20) {
      errno: -4077,
      code: 'ECONNRESET',
      syscall: 'read'
    }

    [0m [90m  7 |[39m
     [90m  8 |[39m redis[33m.[39mon([32m'connect'[39m[33m,[39m () [33m=>[39m console[33m.[39mlog([32m'[REDIS] Connected successfully'[39m))[33m;[39m
    [31m[1m>[22m[39m[90m  9 |[39m redis[33m.[39mon([32m'error'[39m[33m,[39m (err) [33m=>[39m console[33m.[39merror([32m'[REDIS] Connection error:'[39m[33m,[39m err))[33m;[39m
     [90m    |[39m                                    [31m[1m^[22m[39m
     [90m 10 |[39m
     [90m 11 |[39m [90m/**[39m
     [90m 12 |[39m [90m * Live State Management Service[39m[0m

      at EventEmitter.<anonymous> (services/liveState.service.js:9:36)
      at EventEmitter.silentEmit (node_modules/ioredis/built/Redis.js:529:30)
      at Socket.<anonymous> (node_modules/ioredis/built/redis/event_handler.js:221:14)

  console.error
    [REDIS] Connection error: Error: connect ETIMEDOUT
        at Socket.<anonymous> (C:\Users\saavi\OneDrive\Desktop\kridaz\kridaz\server\node_modules\ioredis\built\Redis.js:171:41)
        at Object.onceWrapper (node:events:622:28)
        at Socket.emit (node:events:508:28)
        at Socket._onTimeout (node:net:604:8)
        at listOnTimeout (node:internal/timers:605:17)
        at processTimers (node:internal/timers:541:7) {
      errorno: 'ETIMEDOUT',
      code: 'ETIMEDOUT',
      syscall: 'connect'
    }

    [0m [90m  7 |[39m
     [90m  8 |[39m redis[33m.[39mon([32m'connect'[39m[33m,[39m () [33m=>[39m console[33m.[39mlog([32m'[REDIS] Connected successfully'[39m))[33m;[39m
    [31m[1m>[22m[39m[90m  9 |[39m redis[33m.[39mon([32m'error'[39m[33m,[39m (err) [33m=>[39m console[33m.[39merror([32m'[REDIS] Connection error:'[39m[33m,[39m err))[33m;[39m
     [90m    |[39m                                    [31m[1m^[22m[39m
     [90m 10 |[39m
     [90m 11 |[39m [90m/**[39m
     [90m 12 |[39m [90m * Live State Management Service[39m[0m

      at EventEmitter.<anonymous> (services/liveState.service.js:9:36)
      at EventEmitter.silentEmit (node_modules/ioredis/built/Redis.js:529:30)
      at node_modules/ioredis/built/redis/event_handler.js:221:14
      at Socket.<anonymous> (node_modules/ioredis/built/Redis.js:178:61)

  console.error
    [REDIS] Connection error: Error: getaddrinfo ENOTFOUND turntable.proxy.rlwy.net
        at GetAddrInfoReqWrap.onlookupall [as oncomplete] (node:dns:122:26) {
      errno: -3008,
      code: 'ENOTFOUND',
      syscall: 'getaddrinfo',
      hostname: 'turntable.proxy.rlwy.net'
    }

    [0m [90m  7 |[39m
     [90m  8 |[39m redis[33m.[39mon([32m'connect'[39m[33m,[39m () [33m=>[39m console[33m.[39mlog([32m'[REDIS] Connected successfully'[39m))[33m;[39m
    [31m[1m>[22m[39m[90m  9 |[39m redis[33m.[39mon([32m'error'[39m[33m,[39m (err) [33m=>[39m console[33m.[39merror([32m'[REDIS] Connection error:'[39m[33m,[39m err))[33m;[39m
     [90m    |[39m                                    [31m[1m^[22m[39m
     [90m 10 |[39m
     [90m 11 |[39m [90m/**[39m
     [90m 12 |[39m [90m * Live State Management Service[39m[0m

      at EventEmitter.<anonymous> (services/liveState.service.js:9:36)
      at EventEmitter.silentEmit (node_modules/ioredis/built/Redis.js:529:30)
      at Socket.<anonymous> (node_modules/ioredis/built/redis/event_handler.js:221:14)

  console.error
    [REDIS] Connection error: Error: getaddrinfo ENOTFOUND turntable.proxy.rlwy.net
        at GetAddrInfoReqWrap.onlookupall [as oncomplete] (node:dns:122:26) {
      errno: -3008,
      code: 'ENOTFOUND',
      syscall: 'getaddrinfo',
      hostname: 'turntable.proxy.rlwy.net'
    }

    [0m [90m  7 |[39m
     [90m  8 |[39m redis[33m.[39mon([32m'connect'[39m[33m,[39m () [33m=>[39m console[33m.[39mlog([32m'[REDIS] Connected successfully'[39m))[33m;[39m
    [31m[1m>[22m[39m[90m  9 |[39m redis[33m.[39mon([32m'error'[39m[33m,[39m (err) [33m=>[39m console[33m.[39merror([32m'[REDIS] Connection error:'[39m[33m,[39m err))[33m;[39m
     [90m    |[39m                                    [31m[1m^[22m[39m
     [90m 10 |[39m
     [90m 11 |[39m [90m/**[39m
     [90m 12 |[39m [90m * Live State Management Service[39m[0m

      at EventEmitter.<anonymous> (services/liveState.service.js:9:36)
      at EventEmitter.silentEmit (node_modules/ioredis/built/Redis.js:529:30)
      at Socket.<anonymous> (node_modules/ioredis/built/redis/event_handler.js:221:14)

  console.error
    [REDIS] Connection error: Error: getaddrinfo ENOTFOUND turntable.proxy.rlwy.net
        at GetAddrInfoReqWrap.onlookupall [as oncomplete] (node:dns:122:26) {
      errno: -3008,
      code: 'ENOTFOUND',
      syscall: 'getaddrinfo',
      hostname: 'turntable.proxy.rlwy.net'
    }

    [0m [90m  7 |[39m
     [90m  8 |[39m redis[33m.[39mon([32m'connect'[39m[33m,[39m () [33m=>[39m console[33m.[39mlog([32m'[REDIS] Connected successfully'[39m))[33m;[39m
    [31m[1m>[22m[39m[90m  9 |[39m redis[33m.[39mon([32m'error'[39m[33m,[39m (err) [33m=>[39m console[33m.[39merror([32m'[REDIS] Connection error:'[39m[33m,[39m err))[33m;[39m
     [90m    |[39m                                    [31m[1m^[22m[39m
     [90m 10 |[39m
     [90m 11 |[39m [90m/**[39m
     [90m 12 |[39m [90m * Live State Management Service[39m[0m

      at EventEmitter.<anonymous> (services/liveState.service.js:9:36)
      at EventEmitter.silentEmit (node_modules/ioredis/built/Redis.js:529:30)
      at Socket.<anonymous> (node_modules/ioredis/built/redis/event_handler.js:221:14)

  console.error
    [REDIS] Connection error: Error: getaddrinfo ENOTFOUND turntable.proxy.rlwy.net
        at GetAddrInfoReqWrap.onlookupall [as oncomplete] (node:dns:122:26) {
      errno: -3008,
      code: 'ENOTFOUND',
      syscall: 'getaddrinfo',
      hostname: 'turntable.proxy.rlwy.net'
    }

    [0m [90m  7 |[39m
     [90m  8 |[39m redis[33m.[39mon([32m'connect'[39m[33m,[39m () [33m=>[39m console[33m.[39mlog([32m'[REDIS] Connected successfully'[39m))[33m;[39m
    [31m[1m>[22m[39m[90m  9 |[39m redis[33m.[39mon([32m'error'[39m[33m,[39m (err) [33m=>[39m console[33m.[39merror([32m'[REDIS] Connection error:'[39m[33m,[39m err))[33m;[39m
     [90m    |[39m                                    [31m[1m^[22m[39m
     [90m 10 |[39m
     [90m 11 |[39m [90m/**[39m
     [90m 12 |[39m [90m * Live State Management Service[39m[0m

      at EventEmitter.<anonymous> (services/liveState.service.js:9:36)
      at EventEmitter.silentEmit (node_modules/ioredis/built/Redis.js:529:30)
      at Socket.<anonymous> (node_modules/ioredis/built/redis/event_handler.js:221:14)

  console.error
    [REDIS] Connection error: Error: getaddrinfo ENOTFOUND turntable.proxy.rlwy.net
        at GetAddrInfoReqWrap.onlookupall [as oncomplete] (node:dns:122:26) {
      errno: -3008,
      code: 'ENOTFOUND',
      syscall: 'getaddrinfo',
      hostname: 'turntable.proxy.rlwy.net'
    }

    [0m [90m  7 |[39m
     [90m  8 |[39m redis[33m.[39mon([32m'connect'[39m[33m,[39m () [33m=>[39m console[33m.[39mlog([32m'[REDIS] Connected successfully'[39m))[33m;[39m
    [31m[1m>[22m[39m[90m  9 |[39m redis[33m.[39mon([32m'error'[39m[33m,[39m (err) [33m=>[39m console[33m.[39merror([32m'[REDIS] Connection error:'[39m[33m,[39m err))[33m;[39m
     [90m    |[39m                                    [31m[1m^[22m[39m
     [90m 10 |[39m
     [90m 11 |[39m [90m/**[39m
     [90m 12 |[39m [90m * Live State Management Service[39m[0m

      at EventEmitter.<anonymous> (services/liveState.service.js:9:36)
      at EventEmitter.silentEmit (node_modules/ioredis/built/Redis.js:529:30)
      at Socket.<anonymous> (node_modules/ioredis/built/redis/event_handler.js:221:14)

  console.error
    [REDIS] Connection error: Error: getaddrinfo ENOTFOUND turntable.proxy.rlwy.net
        at GetAddrInfoReqWrap.onlookupall [as oncomplete] (node:dns:122:26) {
      errno: -3008,
      code: 'ENOTFOUND',
      syscall: 'getaddrinfo',
      hostname: 'turntable.proxy.rlwy.net'
    }

    [0m [90m  7 |[39m
     [90m  8 |[39m redis[33m.[39mon([32m'connect'[39m[33m,[39m () [33m=>[39m console[33m.[39mlog([32m'[REDIS] Connected successfully'[39m))[33m;[39m
    [31m[1m>[22m[39m[90m  9 |[39m redis[33m.[39mon([32m'error'[39m[33m,[39m (err) [33m=>[39m console[33m.[39merror([32m'[REDIS] Connection error:'[39m[33m,[39m err))[33m;[39m
     [90m    |[39m                                    [31m[1m^[22m[39m
     [90m 10 |[39m
     [90m 11 |[39m [90m/**[39m
     [90m 12 |[39m [90m * Live State Management Service[39m[0m

      at EventEmitter.<anonymous> (services/liveState.service.js:9:36)
      at EventEmitter.silentEmit (node_modules/ioredis/built/Redis.js:529:30)
      at Socket.<anonymous> (node_modules/ioredis/built/redis/event_handler.js:221:14)

  console.error
    [REDIS] Connection error: Error: getaddrinfo ENOTFOUND turntable.proxy.rlwy.net
        at GetAddrInfoReqWrap.onlookupall [as oncomplete] (node:dns:122:26) {
      errno: -3008,
      code: 'ENOTFOUND',
      syscall: 'getaddrinfo',
      hostname: 'turntable.proxy.rlwy.net'
    }

    [0m [90m  7 |[39m
     [90m  8 |[39m redis[33m.[39mon([32m'connect'[39m[33m,[39m () [33m=>[39m console[33m.[39mlog([32m'[REDIS] Connected successfully'[39m))[33m;[39m
    [31m[1m>[22m[39m[90m  9 |[39m redis[33m.[39mon([32m'error'[39m[33m,[39m (err) [33m=>[39m console[33m.[39merror([32m'[REDIS] Connection error:'[39m[33m,[39m err))[33m;[39m
     [90m    |[39m                                    [31m[1m^[22m[39m
     [90m 10 |[39m
     [90m 11 |[39m [90m/**[39m
     [90m 12 |[39m [90m * Live State Management Service[39m[0m

      at EventEmitter.<anonymous> (services/liveState.service.js:9:36)
      at EventEmitter.silentEmit (node_modules/ioredis/built/Redis.js:529:30)
      at Socket.<anonymous> (node_modules/ioredis/built/redis/event_handler.js:221:14)

  console.error
    [REDIS] Connection error: Error: getaddrinfo ENOTFOUND turntable.proxy.rlwy.net
        at GetAddrInfoReqWrap.onlookupall [as oncomplete] (node:dns:122:26) {
      errno: -3008,
      code: 'ENOTFOUND',
      syscall: 'getaddrinfo',
      hostname: 'turntable.proxy.rlwy.net'
    }

    [0m [90m  7 |[39m
     [90m  8 |[39m redis[33m.[39mon([32m'connect'[39m[33m,[39m () [33m=>[39m console[33m.[39mlog([32m'[REDIS] Connected successfully'[39m))[33m;[39m
    [31m[1m>[22m[39m[90m  9 |[39m redis[33m.[39mon([32m'error'[39m[33m,[39m (err) [33m=>[39m console[33m.[39merror([32m'[REDIS] Connection error:'[39m[33m,[39m err))[33m;[39m
     [90m    |[39m                                    [31m[1m^[22m[39m
     [90m 10 |[39m
     [90m 11 |[39m [90m/**[39m
     [90m 12 |[39m [90m * Live State Management Service[39m[0m

      at EventEmitter.<anonymous> (services/liveState.service.js:9:36)
      at EventEmitter.silentEmit (node_modules/ioredis/built/Redis.js:529:30)
      at Socket.<anonymous> (node_modules/ioredis/built/redis/event_handler.js:221:14)

  console.error
    [REDIS] Connection error: Error: getaddrinfo ENOTFOUND turntable.proxy.rlwy.net
        at GetAddrInfoReqWrap.onlookupall [as oncomplete] (node:dns:122:26) {
      errno: -3008,
      code: 'ENOTFOUND',
      syscall: 'getaddrinfo',
      hostname: 'turntable.proxy.rlwy.net'
    }

    [0m [90m  7 |[39m
     [90m  8 |[39m redis[33m.[39mon([32m'connect'[39m[33m,[39m () [33m=>[39m console[33m.[39mlog([32m'[REDIS] Connected successfully'[39m))[33m;[39m
    [31m[1m>[22m[39m[90m  9 |[39m redis[33m.[39mon([32m'error'[39m[33m,[39m (err) [33m=>[39m console[33m.[39merror([32m'[REDIS] Connection error:'[39m[33m,[39m err))[33m;[39m
     [90m    |[39m                                    [31m[1m^[22m[39m
     [90m 10 |[39m
     [90m 11 |[39m [90m/**[39m
     [90m 12 |[39m [90m * Live State Management Service[39m[0m

      at EventEmitter.<anonymous> (services/liveState.service.js:9:36)
      at EventEmitter.silentEmit (node_modules/ioredis/built/Redis.js:529:30)
      at Socket.<anonymous> (node_modules/ioredis/built/redis/event_handler.js:221:14)

  console.error
    [REDIS] Connection error: Error: getaddrinfo ENOTFOUND turntable.proxy.rlwy.net
        at GetAddrInfoReqWrap.onlookupall [as oncomplete] (node:dns:122:26) {
      errno: -3008,
      code: 'ENOTFOUND',
      syscall: 'getaddrinfo',
      hostname: 'turntable.proxy.rlwy.net'
    }

    [0m [90m  7 |[39m
     [90m  8 |[39m redis[33m.[39mon([32m'connect'[39m[33m,[39m () [33m=>[39m console[33m.[39mlog([32m'[REDIS] Connected successfully'[39m))[33m;[39m
    [31m[1m>[22m[39m[90m  9 |[39m redis[33m.[39mon([32m'error'[39m[33m,[39m (err) [33m=>[39m console[33m.[39merror([32m'[REDIS] Connection error:'[39m[33m,[39m err))[33m;[39m
     [90m    |[39m                                    [31m[1m^[22m[39m
     [90m 10 |[39m
     [90m 11 |[39m [90m/**[39m
     [90m 12 |[39m [90m * Live State Management Service[39m[0m

      at EventEmitter.<anonymous> (services/liveState.service.js:9:36)
      at EventEmitter.silentEmit (node_modules/ioredis/built/Redis.js:529:30)
      at Socket.<anonymous> (node_modules/ioredis/built/redis/event_handler.js:221:14)

  console.error
    [REDIS] Connection error: Error: getaddrinfo ENOTFOUND turntable.proxy.rlwy.net
        at GetAddrInfoReqWrap.onlookupall [as oncomplete] (node:dns:122:26) {
      errno: -3008,
      code: 'ENOTFOUND',
      syscall: 'getaddrinfo',
      hostname: 'turntable.proxy.rlwy.net'
    }

    [0m [90m  7 |[39m
     [90m  8 |[39m redis[33m.[39mon([32m'connect'[39m[33m,[39m () [33m=>[39m console[33m.[39mlog([32m'[REDIS] Connected successfully'[39m))[33m;[39m
    [31m[1m>[22m[39m[90m  9 |[39m redis[33m.[39mon([32m'error'[39m[33m,[39m (err) [33m=>[39m console[33m.[39merror([32m'[REDIS] Connection error:'[39m[33m,[39m err))[33m;[39m
     [90m    |[39m                                    [31m[1m^[22m[39m
     [90m 10 |[39m
     [90m 11 |[39m [90m/**[39m
     [90m 12 |[39m [90m * Live State Management Service[39m[0m

      at EventEmitter.<anonymous> (services/liveState.service.js:9:36)
      at EventEmitter.silentEmit (node_modules/ioredis/built/Redis.js:529:30)
      at Socket.<anonymous> (node_modules/ioredis/built/redis/event_handler.js:221:14)

  console.error
    [REDIS] Connection error: Error: getaddrinfo ENOTFOUND turntable.proxy.rlwy.net
        at GetAddrInfoReqWrap.onlookupall [as oncomplete] (node:dns:122:26) {
      errno: -3008,
      code: 'ENOTFOUND',
      syscall: 'getaddrinfo',
      hostname: 'turntable.proxy.rlwy.net'
    }

    [0m [90m  7 |[39m
     [90m  8 |[39m redis[33m.[39mon([32m'connect'[39m[33m,[39m () [33m=>[39m console[33m.[39mlog([32m'[REDIS] Connected successfully'[39m))[33m;[39m
    [31m[1m>[22m[39m[90m  9 |[39m redis[33m.[39mon([32m'error'[39m[33m,[39m (err) [33m=>[39m console[33m.[39merror([32m'[REDIS] Connection error:'[39m[33m,[39m err))[33m;[39m
     [90m    |[39m                                    [31m[1m^[22m[39m
     [90m 10 |[39m
     [90m 11 |[39m [90m/**[39m
     [90m 12 |[39m [90m * Live State Management Service[39m[0m

      at EventEmitter.<anonymous> (services/liveState.service.js:9:36)
      at EventEmitter.silentEmit (node_modules/ioredis/built/Redis.js:529:30)
      at Socket.<anonymous> (node_modules/ioredis/built/redis/event_handler.js:221:14)

  console.error
    [REDIS] Connection error: Error: getaddrinfo ENOTFOUND turntable.proxy.rlwy.net
        at GetAddrInfoReqWrap.onlookupall [as oncomplete] (node:dns:122:26) {
      errno: -3008,
      code: 'ENOTFOUND',
      syscall: 'getaddrinfo',
      hostname: 'turntable.proxy.rlwy.net'
    }

    [0m [90m  7 |[39m
     [90m  8 |[39m redis[33m.[39mon([32m'connect'[39m[33m,[39m () [33m=>[39m console[33m.[39mlog([32m'[REDIS] Connected successfully'[39m))[33m;[39m
    [31m[1m>[22m[39m[90m  9 |[39m redis[33m.[39mon([32m'error'[39m[33m,[39m (err) [33m=>[39m console[33m.[39merror([32m'[REDIS] Connection error:'[39m[33m,[39m err))[33m;[39m
     [90m    |[39m                                    [31m[1m^[22m[39m
     [90m 10 |[39m
     [90m 11 |[39m [90m/**[39m
     [90m 12 |[39m [90m * Live State Management Service[39m[0m

      at EventEmitter.<anonymous> (services/liveState.service.js:9:36)
      at EventEmitter.silentEmit (node_modules/ioredis/built/Redis.js:529:30)
      at Socket.<anonymous> (node_modules/ioredis/built/redis/event_handler.js:221:14)

  console.error
    [REDIS] Connection error: Error: getaddrinfo ENOTFOUND turntable.proxy.rlwy.net
        at GetAddrInfoReqWrap.onlookupall [as oncomplete] (node:dns:122:26) {
      errno: -3008,
      code: 'ENOTFOUND',
      syscall: 'getaddrinfo',
      hostname: 'turntable.proxy.rlwy.net'
    }

    [0m [90m  7 |[39m
     [90m  8 |[39m redis[33m.[39mon([32m'connect'[39m[33m,[39m () [33m=>[39m console[33m.[39mlog([32m'[REDIS] Connected successfully'[39m))[33m;[39m
    [31m[1m>[22m[39m[90m  9 |[39m redis[33m.[39mon([32m'error'[39m[33m,[39m (err) [33m=>[39m console[33m.[39merror([32m'[REDIS] Connection error:'[39m[33m,[39m err))[33m;[39m
     [90m    |[39m                                    [31m[1m^[22m[39m
     [90m 10 |[39m
     [90m 11 |[39m [90m/**[39m
     [90m 12 |[39m [90m * Live State Management Service[39m[0m

      at EventEmitter.<anonymous> (services/liveState.service.js:9:36)
      at EventEmitter.silentEmit (node_modules/ioredis/built/Redis.js:529:30)
      at Socket.<anonymous> (node_modules/ioredis/built/redis/event_handler.js:221:14)

  console.error
    [REDIS] Connection error: Error: getaddrinfo ENOTFOUND turntable.proxy.rlwy.net
        at GetAddrInfoReqWrap.onlookupall [as oncomplete] (node:dns:122:26) {
      errno: -3008,
      code: 'ENOTFOUND',
      syscall: 'getaddrinfo',
      hostname: 'turntable.proxy.rlwy.net'
    }

    [0m [90m  7 |[39m
     [90m  8 |[39m redis[33m.[39mon([32m'connect'[39m[33m,[39m () [33m=>[39m console[33m.[39mlog([32m'[REDIS] Connected successfully'[39m))[33m;[39m
    [31m[1m>[22m[39m[90m  9 |[39m redis[33m.[39mon([32m'error'[39m[33m,[39m (err) [33m=>[39m console[33m.[39merror([32m'[REDIS] Connection error:'[39m[33m,[39m err))[33m;[39m
     [90m    |[39m                                    [31m[1m^[22m[39m
     [90m 10 |[39m
     [90m 11 |[39m [90m/**[39m
     [90m 12 |[39m [90m * Live State Management Service[39m[0m

      at EventEmitter.<anonymous> (services/liveState.service.js:9:36)
      at EventEmitter.silentEmit (node_modules/ioredis/built/Redis.js:529:30)
      at Socket.<anonymous> (node_modules/ioredis/built/redis/event_handler.js:221:14)

  console.error
    [REDIS] Connection error: Error: getaddrinfo ENOTFOUND turntable.proxy.rlwy.net
        at GetAddrInfoReqWrap.onlookupall [as oncomplete] (node:dns:122:26) {
      errno: -3008,
      code: 'ENOTFOUND',
      syscall: 'getaddrinfo',
      hostname: 'turntable.proxy.rlwy.net'
    }

    [0m [90m  7 |[39m
     [90m  8 |[39m redis[33m.[39mon([32m'connect'[39m[33m,[39m () [33m=>[39m console[33m.[39mlog([32m'[REDIS] Connected successfully'[39m))[33m;[39m
    [31m[1m>[22m[39m[90m  9 |[39m redis[33m.[39mon([32m'error'[39m[33m,[39m (err) [33m=>[39m console[33m.[39merror([32m'[REDIS] Connection error:'[39m[33m,[39m err))[33m;[39m
     [90m    |[39m                                    [31m[1m^[22m[39m
     [90m 10 |[39m
     [90m 11 |[39m [90m/**[39m
     [90m 12 |[39m [90m * Live State Management Service[39m[0m

      at EventEmitter.<anonymous> (services/liveState.service.js:9:36)
      at EventEmitter.silentEmit (node_modules/ioredis/built/Redis.js:529:30)
      at Socket.<anonymous> (node_modules/ioredis/built/redis/event_handler.js:221:14)

  console.error
    [REDIS] Connection error: Error: getaddrinfo ENOTFOUND turntable.proxy.rlwy.net
        at GetAddrInfoReqWrap.onlookupall [as oncomplete] (node:dns:122:26) {
      errno: -3008,
      code: 'ENOTFOUND',
      syscall: 'getaddrinfo',
      hostname: 'turntable.proxy.rlwy.net'
    }

    [0m [90m  7 |[39m
     [90m  8 |[39m redis[33m.[39mon([32m'connect'[39m[33m,[39m () [33m=>[39m console[33m.[39mlog([32m'[REDIS] Connected successfully'[39m))[33m;[39m
    [31m[1m>[22m[39m[90m  9 |[39m redis[33m.[39mon([32m'error'[39m[33m,[39m (err) [33m=>[39m console[33m.[39merror([32m'[REDIS] Connection error:'[39m[33m,[39m err))[33m;[39m
     [90m    |[39m                                    [31m[1m^[22m[39m
     [90m 10 |[39m
     [90m 11 |[39m [90m/**[39m
     [90m 12 |[39m [90m * Live State Management Service[39m[0m

      at EventEmitter.<anonymous> (services/liveState.service.js:9:36)
      at EventEmitter.silentEmit (node_modules/ioredis/built/Redis.js:529:30)
      at Socket.<anonymous> (node_modules/ioredis/built/redis/event_handler.js:221:14)

  console.error
    [REDIS] Connection error: Error: getaddrinfo ENOTFOUND turntable.proxy.rlwy.net
        at GetAddrInfoReqWrap.onlookupall [as oncomplete] (node:dns:122:26) {
      errno: -3008,
      code: 'ENOTFOUND',
      syscall: 'getaddrinfo',
      hostname: 'turntable.proxy.rlwy.net'
    }

    [0m [90m  7 |[39m
     [90m  8 |[39m redis[33m.[39mon([32m'connect'[39m[33m,[39m () [33m=>[39m console[33m.[39mlog([32m'[REDIS] Connected successfully'[39m))[33m;[39m
    [31m[1m>[22m[39m[90m  9 |[39m redis[33m.[39mon([32m'error'[39m[33m,[39m (err) [33m=>[39m console[33m.[39merror([32m'[REDIS] Connection error:'[39m[33m,[39m err))[33m;[39m
     [90m    |[39m                                    [31m[1m^[22m[39m
     [90m 10 |[39m
     [90m 11 |[39m [90m/**[39m
     [90m 12 |[39m [90m * Live State Management Service[39m[0m

      at EventEmitter.<anonymous> (services/liveState.service.js:9:36)
      at EventEmitter.silentEmit (node_modules/ioredis/built/Redis.js:529:30)
      at Socket.<anonymous> (node_modules/ioredis/built/redis/event_handler.js:221:14)

  console.error
    [REDIS] Connection error: Error: getaddrinfo ENOTFOUND turntable.proxy.rlwy.net
        at GetAddrInfoReqWrap.onlookupall [as oncomplete] (node:dns:122:26) {
      errno: -3008,
      code: 'ENOTFOUND',
      syscall: 'getaddrinfo',
      hostname: 'turntable.proxy.rlwy.net'
    }

    [0m [90m  7 |[39m
     [90m  8 |[39m redis[33m.[39mon([32m'connect'[39m[33m,[39m () [33m=>[39m console[33m.[39mlog([32m'[REDIS] Connected successfully'[39m))[33m;[39m
    [31m[1m>[22m[39m[90m  9 |[39m redis[33m.[39mon([32m'error'[39m[33m,[39m (err) [33m=>[39m console[33m.[39merror([32m'[REDIS] Connection error:'[39m[33m,[39m err))[33m;[39m
     [90m    |[39m                                    [31m[1m^[22m[39m
     [90m 10 |[39m
     [90m 11 |[39m [90m/**[39m
     [90m 12 |[39m [90m * Live State Management Service[39m[0m

      at EventEmitter.<anonymous> (services/liveState.service.js:9:36)
      at EventEmitter.silentEmit (node_modules/ioredis/built/Redis.js:529:30)
      at Socket.<anonymous> (node_modules/ioredis/built/redis/event_handler.js:221:14)

  console.error
    [REDIS] Connection error: Error: getaddrinfo ENOTFOUND turntable.proxy.rlwy.net
        at GetAddrInfoReqWrap.onlookupall [as oncomplete] (node:dns:122:26) {
      errno: -3008,
      code: 'ENOTFOUND',
      syscall: 'getaddrinfo',
      hostname: 'turntable.proxy.rlwy.net'
    }

    [0m [90m  7 |[39m
     [90m  8 |[39m redis[33m.[39mon([32m'connect'[39m[33m,[39m () [33m=>[39m console[33m.[39mlog([32m'[REDIS] Connected successfully'[39m))[33m;[39m
    [31m[1m>[22m[39m[90m  9 |[39m redis[33m.[39mon([32m'error'[39m[33m,[39m (err) [33m=>[39m console[33m.[39merror([32m'[REDIS] Connection error:'[39m[33m,[39m err))[33m;[39m
     [90m    |[39m                                    [31m[1m^[22m[39m
     [90m 10 |[39m
     [90m 11 |[39m [90m/**[39m
     [90m 12 |[39m [90m * Live State Management Service[39m[0m

      at EventEmitter.<anonymous> (services/liveState.service.js:9:36)
      at EventEmitter.silentEmit (node_modules/ioredis/built/Redis.js:529:30)
      at Socket.<anonymous> (node_modules/ioredis/built/redis/event_handler.js:221:14)

  console.error
    [REDIS] Connection error: Error: getaddrinfo ENOTFOUND turntable.proxy.rlwy.net
        at GetAddrInfoReqWrap.onlookupall [as oncomplete] (node:dns:122:26) {
      errno: -3008,
      code: 'ENOTFOUND',
      syscall: 'getaddrinfo',
      hostname: 'turntable.proxy.rlwy.net'
    }

    [0m [90m  7 |[39m
     [90m  8 |[39m redis[33m.[39mon([32m'connect'[39m[33m,[39m () [33m=>[39m console[33m.[39mlog([32m'[REDIS] Connected successfully'[39m))[33m;[39m
    [31m[1m>[22m[39m[90m  9 |[39m redis[33m.[39mon([32m'error'[39m[33m,[39m (err) [33m=>[39m console[33m.[39merror([32m'[REDIS] Connection error:'[39m[33m,[39m err))[33m;[39m
     [90m    |[39m                                    [31m[1m^[22m[39m
     [90m 10 |[39m
     [90m 11 |[39m [90m/**[39m
     [90m 12 |[39m [90m * Live State Management Service[39m[0m

      at EventEmitter.<anonymous> (services/liveState.service.js:9:36)
      at EventEmitter.silentEmit (node_modules/ioredis/built/Redis.js:529:30)
      at Socket.<anonymous> (node_modules/ioredis/built/redis/event_handler.js:221:14)

  console.error
    [REDIS] Connection error: Error: connect ETIMEDOUT
        at Socket.<anonymous> (C:\Users\saavi\OneDrive\Desktop\kridaz\kridaz\server\node_modules\ioredis\built\Redis.js:171:41)
        at Object.onceWrapper (node:events:622:28)
        at Socket.emit (node:events:508:28)
        at Socket._onTimeout (node:net:604:8)
        at listOnTimeout (node:internal/timers:605:17)
        at processTimers (node:internal/timers:541:7) {
      errorno: 'ETIMEDOUT',
      code: 'ETIMEDOUT',
      syscall: 'connect'
    }

    [0m [90m  7 |[39m
     [90m  8 |[39m redis[33m.[39mon([32m'connect'[39m[33m,[39m () [33m=>[39m console[33m.[39mlog([32m'[REDIS] Connected successfully'[39m))[33m;[39m
    [31m[1m>[22m[39m[90m  9 |[39m redis[33m.[39mon([32m'error'[39m[33m,[39m (err) [33m=>[39m console[33m.[39merror([32m'[REDIS] Connection error:'[39m[33m,[39m err))[33m;[39m
     [90m    |[39m                                    [31m[1m^[22m[39m
     [90m 10 |[39m
     [90m 11 |[39m [90m/**[39m
     [90m 12 |[39m [90m * Live State Management Service[39m[0m

      at EventEmitter.<anonymous> (services/liveState.service.js:9:36)
      at EventEmitter.silentEmit (node_modules/ioredis/built/Redis.js:529:30)
      at node_modules/ioredis/built/redis/event_handler.js:221:14
      at Socket.<anonymous> (node_modules/ioredis/built/Redis.js:178:61)

  console.error
    [REDIS] Connection error: Error: getaddrinfo ENOTFOUND turntable.proxy.rlwy.net
        at GetAddrInfoReqWrap.onlookupall [as oncomplete] (node:dns:122:26) {
      errno: -3008,
      code: 'ENOTFOUND',
      syscall: 'getaddrinfo',
      hostname: 'turntable.proxy.rlwy.net'
    }

    [0m [90m  7 |[39m
     [90m  8 |[39m redis[33m.[39mon([32m'connect'[39m[33m,[39m () [33m=>[39m console[33m.[39mlog([32m'[REDIS] Connected successfully'[39m))[33m;[39m
    [31m[1m>[22m[39m[90m  9 |[39m redis[33m.[39mon([32m'error'[39m[33m,[39m (err) [33m=>[39m console[33m.[39merror([32m'[REDIS] Connection error:'[39m[33m,[39m err))[33m;[39m
     [90m    |[39m                                    [31m[1m^[22m[39m
     [90m 10 |[39m
     [90m 11 |[39m [90m/**[39m
     [90m 12 |[39m [90m * Live State Management Service[39m[0m

      at EventEmitter.<anonymous> (services/liveState.service.js:9:36)
      at EventEmitter.silentEmit (node_modules/ioredis/built/Redis.js:529:30)
      at Socket.<anonymous> (node_modules/ioredis/built/redis/event_handler.js:221:14)

  console.error
    [REDIS] Connection error: Error: connect ETIMEDOUT
        at Socket.<anonymous> (C:\Users\saavi\OneDrive\Desktop\kridaz\kridaz\server\node_modules\ioredis\built\Redis.js:171:41)
        at Object.onceWrapper (node:events:622:28)
        at Socket.emit (node:events:508:28)
        at Socket._onTimeout (node:net:604:8)
        at listOnTimeout (node:internal/timers:605:17)
        at processTimers (node:internal/timers:541:7) {
      errorno: 'ETIMEDOUT',
      code: 'ETIMEDOUT',
      syscall: 'connect'
    }

    [0m [90m  7 |[39m
     [90m  8 |[39m redis[33m.[39mon([32m'connect'[39m[33m,[39m () [33m=>[39m console[33m.[39mlog([32m'[REDIS] Connected successfully'[39m))[33m;[39m
    [31m[1m>[22m[39m[90m  9 |[39m redis[33m.[39mon([32m'error'[39m[33m,[39m (err) [33m=>[39m console[33m.[39merror([32m'[REDIS] Connection error:'[39m[33m,[39m err))[33m;[39m
     [90m    |[39m                                    [31m[1m^[22m[39m
     [90m 10 |[39m
     [90m 11 |[39m [90m/**[39m
     [90m 12 |[39m [90m * Live State Management Service[39m[0m

      at EventEmitter.<anonymous> (services/liveState.service.js:9:36)
      at EventEmitter.silentEmit (node_modules/ioredis/built/Redis.js:529:30)
      at node_modules/ioredis/built/redis/event_handler.js:221:14
      at Socket.<anonymous> (node_modules/ioredis/built/Redis.js:178:61)

  console.error
    [REDIS] Connection error: Error: getaddrinfo ENOTFOUND turntable.proxy.rlwy.net
        at GetAddrInfoReqWrap.onlookupall [as oncomplete] (node:dns:122:26) {
      errno: -3008,
      code: 'ENOTFOUND',
      syscall: 'getaddrinfo',
      hostname: 'turntable.proxy.rlwy.net'
    }

    [0m [90m  7 |[39m
     [90m  8 |[39m redis[33m.[39mon([32m'connect'[39m[33m,[39m () [33m=>[39m console[33m.[39mlog([32m'[REDIS] Connected successfully'[39m))[33m;[39m
    [31m[1m>[22m[39m[90m  9 |[39m redis[33m.[39mon([32m'error'[39m[33m,[39m (err) [33m=>[39m console[33m.[39merror([32m'[REDIS] Connection error:'[39m[33m,[39m err))[33m;[39m
     [90m    |[39m                                    [31m[1m^[22m[39m
     [90m 10 |[39m
     [90m 11 |[39m [90m/**[39m
     [90m 12 |[39m [90m * Live State Management Service[39m[0m

      at EventEmitter.<anonymous> (services/liveState.service.js:9:36)
      at EventEmitter.silentEmit (node_modules/ioredis/built/Redis.js:529:30)
      at Socket.<anonymous> (node_modules/ioredis/built/redis/event_handler.js:221:14)

  console.error
    [REDIS] Connection error: Error: getaddrinfo ENOTFOUND turntable.proxy.rlwy.net
        at GetAddrInfoReqWrap.onlookupall [as oncomplete] (node:dns:122:26) {
      errno: -3008,
      code: 'ENOTFOUND',
      syscall: 'getaddrinfo',
      hostname: 'turntable.proxy.rlwy.net'
    }

    [0m [90m  7 |[39m
     [90m  8 |[39m redis[33m.[39mon([32m'connect'[39m[33m,[39m () [33m=>[39m console[33m.[39mlog([32m'[REDIS] Connected successfully'[39m))[33m;[39m
    [31m[1m>[22m[39m[90m  9 |[39m redis[33m.[39mon([32m'error'[39m[33m,[39m (err) [33m=>[39m console[33m.[39merror([32m'[REDIS] Connection error:'[39m[33m,[39m err))[33m;[39m
     [90m    |[39m                                    [31m[1m^[22m[39m
     [90m 10 |[39m
     [90m 11 |[39m [90m/**[39m
     [90m 12 |[39m [90m * Live State Management Service[39m[0m

      at EventEmitter.<anonymous> (services/liveState.service.js:9:36)
      at EventEmitter.silentEmit (node_modules/ioredis/built/Redis.js:529:30)
      at Socket.<anonymous> (node_modules/ioredis/built/redis/event_handler.js:221:14)

  console.error
    [REDIS] Connection error: Error: getaddrinfo ENOTFOUND turntable.proxy.rlwy.net
        at GetAddrInfoReqWrap.onlookupall [as oncomplete] (node:dns:122:26) {
      errno: -3008,
      code: 'ENOTFOUND',
      syscall: 'getaddrinfo',
      hostname: 'turntable.proxy.rlwy.net'
    }

    [0m [90m  7 |[39m
     [90m  8 |[39m redis[33m.[39mon([32m'connect'[39m[33m,[39m () [33m=>[39m console[33m.[39mlog([32m'[REDIS] Connected successfully'[39m))[33m;[39m
    [31m[1m>[22m[39m[90m  9 |[39m redis[33m.[39mon([32m'error'[39m[33m,[39m (err) [33m=>[39m console[33m.[39merror([32m'[REDIS] Connection error:'[39m[33m,[39m err))[33m;[39m
     [90m    |[39m                                    [31m[1m^[22m[39m
     [90m 10 |[39m
     [90m 11 |[39m [90m/**[39m
     [90m 12 |[39m [90m * Live State Management Service[39m[0m

      at EventEmitter.<anonymous> (services/liveState.service.js:9:36)
      at EventEmitter.silentEmit (node_modules/ioredis/built/Redis.js:529:30)
      at Socket.<anonymous> (node_modules/ioredis/built/redis/event_handler.js:221:14)

  console.error
    [REDIS] Connection error: Error: getaddrinfo ENOTFOUND turntable.proxy.rlwy.net
        at GetAddrInfoReqWrap.onlookupall [as oncomplete] (node:dns:122:26) {
      errno: -3008,
      code: 'ENOTFOUND',
      syscall: 'getaddrinfo',
      hostname: 'turntable.proxy.rlwy.net'
    }

    [0m [90m  7 |[39m
     [90m  8 |[39m redis[33m.[39mon([32m'connect'[39m[33m,[39m () [33m=>[39m console[33m.[39mlog([32m'[REDIS] Connected successfully'[39m))[33m;[39m
    [31m[1m>[22m[39m[90m  9 |[39m redis[33m.[39mon([32m'error'[39m[33m,[39m (err) [33m=>[39m console[33m.[39merror([32m'[REDIS] Connection error:'[39m[33m,[39m err))[33m;[39m
     [90m    |[39m                                    [31m[1m^[22m[39m
     [90m 10 |[39m
     [90m 11 |[39m [90m/**[39m
     [90m 12 |[39m [90m * Live State Management Service[39m[0m

      at EventEmitter.<anonymous> (services/liveState.service.js:9:36)
      at EventEmitter.silentEmit (node_modules/ioredis/built/Redis.js:529:30)
      at Socket.<anonymous> (node_modules/ioredis/built/redis/event_handler.js:221:14)

  console.error
    [REDIS] Connection error: Error: getaddrinfo ENOTFOUND turntable.proxy.rlwy.net
        at GetAddrInfoReqWrap.onlookupall [as oncomplete] (node:dns:122:26) {
      errno: -3008,
      code: 'ENOTFOUND',
      syscall: 'getaddrinfo',
      hostname: 'turntable.proxy.rlwy.net'
    }

    [0m [90m  7 |[39m
     [90m  8 |[39m redis[33m.[39mon([32m'connect'[39m[33m,[39m () [33m=>[39m console[33m.[39mlog([32m'[REDIS] Connected successfully'[39m))[33m;[39m
    [31m[1m>[22m[39m[90m  9 |[39m redis[33m.[39mon([32m'error'[39m[33m,[39m (err) [33m=>[39m console[33m.[39merror([32m'[REDIS] Connection error:'[39m[33m,[39m err))[33m;[39m
     [90m    |[39m                                    [31m[1m^[22m[39m
     [90m 10 |[39m
     [90m 11 |[39m [90m/**[39m
     [90m 12 |[39m [90m * Live State Management Service[39m[0m

      at EventEmitter.<anonymous> (services/liveState.service.js:9:36)
      at EventEmitter.silentEmit (node_modules/ioredis/built/Redis.js:529:30)
      at Socket.<anonymous> (node_modules/ioredis/built/redis/event_handler.js:221:14)

  console.error
    [REDIS] Connection error: Error: getaddrinfo ENOTFOUND turntable.proxy.rlwy.net
        at GetAddrInfoReqWrap.onlookupall [as oncomplete] (node:dns:122:26) {
      errno: -3008,
      code: 'ENOTFOUND',
      syscall: 'getaddrinfo',
      hostname: 'turntable.proxy.rlwy.net'
    }

    [0m [90m  7 |[39m
     [90m  8 |[39m redis[33m.[39mon([32m'connect'[39m[33m,[39m () [33m=>[39m console[33m.[39mlog([32m'[REDIS] Connected successfully'[39m))[33m;[39m
    [31m[1m>[22m[39m[90m  9 |[39m redis[33m.[39mon([32m'error'[39m[33m,[39m (err) [33m=>[39m console[33m.[39merror([32m'[REDIS] Connection error:'[39m[33m,[39m err))[33m;[39m
     [90m    |[39m                                    [31m[1m^[22m[39m
     [90m 10 |[39m
     [90m 11 |[39m [90m/**[39m
     [90m 12 |[39m [90m * Live State Management Service[39m[0m

      at EventEmitter.<anonymous> (services/liveState.service.js:9:36)
      at EventEmitter.silentEmit (node_modules/ioredis/built/Redis.js:529:30)
      at Socket.<anonymous> (node_modules/ioredis/built/redis/event_handler.js:221:14)

  console.error
    [REDIS] Connection error: Error: getaddrinfo ENOTFOUND turntable.proxy.rlwy.net
        at GetAddrInfoReqWrap.onlookupall [as oncomplete] (node:dns:122:26) {
      errno: -3008,
      code: 'ENOTFOUND',
      syscall: 'getaddrinfo',
      hostname: 'turntable.proxy.rlwy.net'
    }

    [0m [90m  7 |[39m
     [90m  8 |[39m redis[33m.[39mon([32m'connect'[39m[33m,[39m () [33m=>[39m console[33m.[39mlog([32m'[REDIS] Connected successfully'[39m))[33m;[39m
    [31m[1m>[22m[39m[90m  9 |[39m redis[33m.[39mon([32m'error'[39m[33m,[39m (err) [33m=>[39m console[33m.[39merror([32m'[REDIS] Connection error:'[39m[33m,[39m err))[33m;[39m
     [90m    |[39m                                    [31m[1m^[22m[39m
     [90m 10 |[39m
     [90m 11 |[39m [90m/**[39m
     [90m 12 |[39m [90m * Live State Management Service[39m[0m

      at EventEmitter.<anonymous> (services/liveState.service.js:9:36)
      at EventEmitter.silentEmit (node_modules/ioredis/built/Redis.js:529:30)
      at Socket.<anonymous> (node_modules/ioredis/built/redis/event_handler.js:221:14)

  console.error
    [REDIS] Connection error: Error: getaddrinfo ENOTFOUND turntable.proxy.rlwy.net
        at GetAddrInfoReqWrap.onlookupall [as oncomplete] (node:dns:122:26) {
      errno: -3008,
      code: 'ENOTFOUND',
      syscall: 'getaddrinfo',
      hostname: 'turntable.proxy.rlwy.net'
    }

    [0m [90m  7 |[39m
     [90m  8 |[39m redis[33m.[39mon([32m'connect'[39m[33m,[39m () [33m=>[39m console[33m.[39mlog([32m'[REDIS] Connected successfully'[39m))[33m;[39m
    [31m[1m>[22m[39m[90m  9 |[39m redis[33m.[39mon([32m'error'[39m[33m,[39m (err) [33m=>[39m console[33m.[39merror([32m'[REDIS] Connection error:'[39m[33m,[39m err))[33m;[39m
     [90m    |[39m                                    [31m[1m^[22m[39m
     [90m 10 |[39m
     [90m 11 |[39m [90m/**[39m
     [90m 12 |[39m [90m * Live State Management Service[39m[0m

      at EventEmitter.<anonymous> (services/liveState.service.js:9:36)
      at EventEmitter.silentEmit (node_modules/ioredis/built/Redis.js:529:30)
      at Socket.<anonymous> (node_modules/ioredis/built/redis/event_handler.js:221:14)

  console.error
    [REDIS] Connection error: Error: getaddrinfo ENOTFOUND turntable.proxy.rlwy.net
        at GetAddrInfoReqWrap.onlookupall [as oncomplete] (node:dns:122:26) {
      errno: -3008,
      code: 'ENOTFOUND',
      syscall: 'getaddrinfo',
      hostname: 'turntable.proxy.rlwy.net'
    }

    [0m [90m  7 |[39m
     [90m  8 |[39m redis[33m.[39mon([32m'connect'[39m[33m,[39m () [33m=>[39m console[33m.[39mlog([32m'[REDIS] Connected successfully'[39m))[33m;[39m
    [31m[1m>[22m[39m[90m  9 |[39m redis[33m.[39mon([32m'error'[39m[33m,[39m (err) [33m=>[39m console[33m.[39merror([32m'[REDIS] Connection error:'[39m[33m,[39m err))[33m;[39m
     [90m    |[39m                                    [31m[1m^[22m[39m
     [90m 10 |[39m
     [90m 11 |[39m [90m/**[39m
     [90m 12 |[39m [90m * Live State Management Service[39m[0m

      at EventEmitter.<anonymous> (services/liveState.service.js:9:36)
      at EventEmitter.silentEmit (node_modules/ioredis/built/Redis.js:529:30)
      at Socket.<anonymous> (node_modules/ioredis/built/redis/event_handler.js:221:14)

  console.error
    [REDIS] Connection error: Error: getaddrinfo ENOTFOUND turntable.proxy.rlwy.net
        at GetAddrInfoReqWrap.onlookupall [as oncomplete] (node:dns:122:26) {
      errno: -3008,
      code: 'ENOTFOUND',
      syscall: 'getaddrinfo',
      hostname: 'turntable.proxy.rlwy.net'
    }

    [0m [90m  7 |[39m
     [90m  8 |[39m redis[33m.[39mon([32m'connect'[39m[33m,[39m () [33m=>[39m console[33m.[39mlog([32m'[REDIS] Connected successfully'[39m))[33m;[39m
    [31m[1m>[22m[39m[90m  9 |[39m redis[33m.[39mon([32m'error'[39m[33m,[39m (err) [33m=>[39m console[33m.[39merror([32m'[REDIS] Connection error:'[39m[33m,[39m err))[33m;[39m
     [90m    |[39m                                    [31m[1m^[22m[39m
     [90m 10 |[39m
     [90m 11 |[39m [90m/**[39m
     [90m 12 |[39m [90m * Live State Management Service[39m[0m

      at EventEmitter.<anonymous> (services/liveState.service.js:9:36)
      at EventEmitter.silentEmit (node_modules/ioredis/built/Redis.js:529:30)
      at Socket.<anonymous> (node_modules/ioredis/built/redis/event_handler.js:221:14)

  console.error
    [REDIS] Connection error: Error: getaddrinfo ENOTFOUND turntable.proxy.rlwy.net
        at GetAddrInfoReqWrap.onlookupall [as oncomplete] (node:dns:122:26) {
      errno: -3008,
      code: 'ENOTFOUND',
      syscall: 'getaddrinfo',
      hostname: 'turntable.proxy.rlwy.net'
    }

    [0m [90m  7 |[39m
     [90m  8 |[39m redis[33m.[39mon([32m'connect'[39m[33m,[39m () [33m=>[39m console[33m.[39mlog([32m'[REDIS] Connected successfully'[39m))[33m;[39m
    [31m[1m>[22m[39m[90m  9 |[39m redis[33m.[39mon([32m'error'[39m[33m,[39m (err) [33m=>[39m console[33m.[39merror([32m'[REDIS] Connection error:'[39m[33m,[39m err))[33m;[39m
     [90m    |[39m                                    [31m[1m^[22m[39m
     [90m 10 |[39m
     [90m 11 |[39m [90m/**[39m
     [90m 12 |[39m [90m * Live State Management Service[39m[0m

      at EventEmitter.<anonymous> (services/liveState.service.js:9:36)
      at EventEmitter.silentEmit (node_modules/ioredis/built/Redis.js:529:30)
      at Socket.<anonymous> (node_modules/ioredis/built/redis/event_handler.js:221:14)

  console.error
    [REDIS] Connection error: Error: connect ETIMEDOUT
        at Socket.<anonymous> (C:\Users\saavi\OneDrive\Desktop\kridaz\kridaz\server\node_modules\ioredis\built\Redis.js:171:41)
        at Object.onceWrapper (node:events:622:28)
        at Socket.emit (node:events:508:28)
        at Socket._onTimeout (node:net:604:8)
        at listOnTimeout (node:internal/timers:605:17)
        at processTimers (node:internal/timers:541:7) {
      errorno: 'ETIMEDOUT',
      code: 'ETIMEDOUT',
      syscall: 'connect'
    }

    [0m [90m  7 |[39m
     [90m  8 |[39m redis[33m.[39mon([32m'connect'[39m[33m,[39m () [33m=>[39m console[33m.[39mlog([32m'[REDIS] Connected successfully'[39m))[33m;[39m
    [31m[1m>[22m[39m[90m  9 |[39m redis[33m.[39mon([32m'error'[39m[33m,[39m (err) [33m=>[39m console[33m.[39merror([32m'[REDIS] Connection error:'[39m[33m,[39m err))[33m;[39m
     [90m    |[39m                                    [31m[1m^[22m[39m
     [90m 10 |[39m
     [90m 11 |[39m [90m/**[39m
     [90m 12 |[39m [90m * Live State Management Service[39m[0m

      at EventEmitter.<anonymous> (services/liveState.service.js:9:36)
      at EventEmitter.silentEmit (node_modules/ioredis/built/Redis.js:529:30)
      at node_modules/ioredis/built/redis/event_handler.js:221:14
      at Socket.<anonymous> (node_modules/ioredis/built/Redis.js:178:61)

  console.error
    [REDIS] Connection error: Error: getaddrinfo ENOTFOUND turntable.proxy.rlwy.net
        at GetAddrInfoReqWrap.onlookupall [as oncomplete] (node:dns:122:26) {
      errno: -3008,
      code: 'ENOTFOUND',
      syscall: 'getaddrinfo',
      hostname: 'turntable.proxy.rlwy.net'
    }

    [0m [90m  7 |[39m
     [90m  8 |[39m redis[33m.[39mon([32m'connect'[39m[33m,[39m () [33m=>[39m console[33m.[39mlog([32m'[REDIS] Connected successfully'[39m))[33m;[39m
    [31m[1m>[22m[39m[90m  9 |[39m redis[33m.[39mon([32m'error'[39m[33m,[39m (err) [33m=>[39m console[33m.[39merror([32m'[REDIS] Connection error:'[39m[33m,[39m err))[33m;[39m
     [90m    |[39m                                    [31m[1m^[22m[39m
     [90m 10 |[39m
     [90m 11 |[39m [90m/**[39m
     [90m 12 |[39m [90m * Live State Management Service[39m[0m

      at EventEmitter.<anonymous> (services/liveState.service.js:9:36)
      at EventEmitter.silentEmit (node_modules/ioredis/built/Redis.js:529:30)
      at Socket.<anonymous> (node_modules/ioredis/built/redis/event_handler.js:221:14)

  console.error
    [REDIS] Connection error: Error: getaddrinfo ENOTFOUND turntable.proxy.rlwy.net
        at GetAddrInfoReqWrap.onlookupall [as oncomplete] (node:dns:122:26) {
      errno: -3008,
      code: 'ENOTFOUND',
      syscall: 'getaddrinfo',
      hostname: 'turntable.proxy.rlwy.net'
    }

    [0m [90m  7 |[39m
     [90m  8 |[39m redis[33m.[39mon([32m'connect'[39m[33m,[39m () [33m=>[39m console[33m.[39mlog([32m'[REDIS] Connected successfully'[39m))[33m;[39m
    [31m[1m>[22m[39m[90m  9 |[39m redis[33m.[39mon([32m'error'[39m[33m,[39m (err) [33m=>[39m console[33m.[39merror([32m'[REDIS] Connection error:'[39m[33m,[39m err))[33m;[39m
     [90m    |[39m                                    [31m[1m^[22m[39m
     [90m 10 |[39m
     [90m 11 |[39m [90m/**[39m
     [90m 12 |[39m [90m * Live State Management Service[39m[0m

      at EventEmitter.<anonymous> (services/liveState.service.js:9:36)
      at EventEmitter.silentEmit (node_modules/ioredis/built/Redis.js:529:30)
      at Socket.<anonymous> (node_modules/ioredis/built/redis/event_handler.js:221:14)

  console.error
    [REDIS] Connection error: Error: getaddrinfo ENOTFOUND turntable.proxy.rlwy.net
        at GetAddrInfoReqWrap.onlookupall [as oncomplete] (node:dns:122:26) {
      errno: -3008,
      code: 'ENOTFOUND',
      syscall: 'getaddrinfo',
      hostname: 'turntable.proxy.rlwy.net'
    }

    [0m [90m  7 |[39m
     [90m  8 |[39m redis[33m.[39mon([32m'connect'[39m[33m,[39m () [33m=>[39m console[33m.[39mlog([32m'[REDIS] Connected successfully'[39m))[33m;[39m
    [31m[1m>[22m[39m[90m  9 |[39m redis[33m.[39mon([32m'error'[39m[33m,[39m (err) [33m=>[39m console[33m.[39merror([32m'[REDIS] Connection error:'[39m[33m,[39m err))[33m;[39m
     [90m    |[39m                                    [31m[1m^[22m[39m
     [90m 10 |[39m
     [90m 11 |[39m [90m/**[39m
     [90m 12 |[39m [90m * Live State Management Service[39m[0m

      at EventEmitter.<anonymous> (services/liveState.service.js:9:36)
      at EventEmitter.silentEmit (node_modules/ioredis/built/Redis.js:529:30)
      at Socket.<anonymous> (node_modules/ioredis/built/redis/event_handler.js:221:14)

  console.error
    [REDIS] Connection error: Error: getaddrinfo ENOTFOUND turntable.proxy.rlwy.net
        at GetAddrInfoReqWrap.onlookupall [as oncomplete] (node:dns:122:26) {
      errno: -3008,
      code: 'ENOTFOUND',
      syscall: 'getaddrinfo',
      hostname: 'turntable.proxy.rlwy.net'
    }

    [0m [90m  7 |[39m
     [90m  8 |[39m redis[33m.[39mon([32m'connect'[39m[33m,[39m () [33m=>[39m console[33m.[39mlog([32m'[REDIS] Connected successfully'[39m))[33m;[39m
    [31m[1m>[22m[39m[90m  9 |[39m redis[33m.[39mon([32m'error'[39m[33m,[39m (err) [33m=>[39m console[33m.[39merror([32m'[REDIS] Connection error:'[39m[33m,[39m err))[33m;[39m
     [90m    |[39m                                    [31m[1m^[22m[39m
     [90m 10 |[39m
     [90m 11 |[39m [90m/**[39m
     [90m 12 |[39m [90m * Live State Management Service[39m[0m

      at EventEmitter.<anonymous> (services/liveState.service.js:9:36)
      at EventEmitter.silentEmit (node_modules/ioredis/built/Redis.js:529:30)
      at Socket.<anonymous> (node_modules/ioredis/built/redis/event_handler.js:221:14)

  console.error
    [REDIS] Connection error: Error: getaddrinfo ENOTFOUND turntable.proxy.rlwy.net
        at GetAddrInfoReqWrap.onlookupall [as oncomplete] (node:dns:122:26) {
      errno: -3008,
      code: 'ENOTFOUND',
      syscall: 'getaddrinfo',
      hostname: 'turntable.proxy.rlwy.net'
    }

    [0m [90m  7 |[39m
     [90m  8 |[39m redis[33m.[39mon([32m'connect'[39m[33m,[39m () [33m=>[39m console[33m.[39mlog([32m'[REDIS] Connected successfully'[39m))[33m;[39m
    [31m[1m>[22m[39m[90m  9 |[39m redis[33m.[39mon([32m'error'[39m[33m,[39m (err) [33m=>[39m console[33m.[39merror([32m'[REDIS] Connection error:'[39m[33m,[39m err))[33m;[39m
     [90m    |[39m                                    [31m[1m^[22m[39m
     [90m 10 |[39m
     [90m 11 |[39m [90m/**[39m
     [90m 12 |[39m [90m * Live State Management Service[39m[0m

      at EventEmitter.<anonymous> (services/liveState.service.js:9:36)
      at EventEmitter.silentEmit (node_modules/ioredis/built/Redis.js:529:30)
      at Socket.<anonymous> (node_modules/ioredis/built/redis/event_handler.js:221:14)

  console.error
    [REDIS] Connection error: Error: getaddrinfo ENOTFOUND turntable.proxy.rlwy.net
        at GetAddrInfoReqWrap.onlookupall [as oncomplete] (node:dns:122:26) {
      errno: -3008,
      code: 'ENOTFOUND',
      syscall: 'getaddrinfo',
      hostname: 'turntable.proxy.rlwy.net'
    }

    [0m [90m  7 |[39m
     [90m  8 |[39m redis[33m.[39mon([32m'connect'[39m[33m,[39m () [33m=>[39m console[33m.[39mlog([32m'[REDIS] Connected successfully'[39m))[33m;[39m
    [31m[1m>[22m[39m[90m  9 |[39m redis[33m.[39mon([32m'error'[39m[33m,[39m (err) [33m=>[39m console[33m.[39merror([32m'[REDIS] Connection error:'[39m[33m,[39m err))[33m;[39m
     [90m    |[39m                                    [31m[1m^[22m[39m
     [90m 10 |[39m
     [90m 11 |[39m [90m/**[39m
     [90m 12 |[39m [90m * Live State Management Service[39m[0m

      at EventEmitter.<anonymous> (services/liveState.service.js:9:36)
      at EventEmitter.silentEmit (node_modules/ioredis/built/Redis.js:529:30)
      at Socket.<anonymous> (node_modules/ioredis/built/redis/event_handler.js:221:14)

  console.error
    [REDIS] Connection error: Error: connect ETIMEDOUT
        at Socket.<anonymous> (C:\Users\saavi\OneDrive\Desktop\kridaz\kridaz\server\node_modules\ioredis\built\Redis.js:171:41)
        at Object.onceWrapper (node:events:622:28)
        at Socket.emit (node:events:508:28)
        at Socket._onTimeout (node:net:604:8)
        at listOnTimeout (node:internal/timers:605:17)
        at processTimers (node:internal/timers:541:7) {
      errorno: 'ETIMEDOUT',
      code: 'ETIMEDOUT',
      syscall: 'connect'
    }

    [0m [90m  7 |[39m
     [90m  8 |[39m redis[33m.[39mon([32m'connect'[39m[33m,[39m () [33m=>[39m console[33m.[39mlog([32m'[REDIS] Connected successfully'[39m))[33m;[39m
    [31m[1m>[22m[39m[90m  9 |[39m redis[33m.[39mon([32m'error'[39m[33m,[39m (err) [33m=>[39m console[33m.[39merror([32m'[REDIS] Connection error:'[39m[33m,[39m err))[33m;[39m
     [90m    |[39m                                    [31m[1m^[22m[39m
     [90m 10 |[39m
     [90m 11 |[39m [90m/**[39m
     [90m 12 |[39m [90m * Live State Management Service[39m[0m

      at EventEmitter.<anonymous> (services/liveState.service.js:9:36)
      at EventEmitter.silentEmit (node_modules/ioredis/built/Redis.js:529:30)
      at node_modules/ioredis/built/redis/event_handler.js:221:14
      at Socket.<anonymous> (node_modules/ioredis/built/Redis.js:178:61)

  console.error
    [REDIS] Connection error: Error: getaddrinfo ENOTFOUND turntable.proxy.rlwy.net
        at GetAddrInfoReqWrap.onlookupall [as oncomplete] (node:dns:122:26) {
      errno: -3008,
      code: 'ENOTFOUND',
      syscall: 'getaddrinfo',
      hostname: 'turntable.proxy.rlwy.net'
    }

    [0m [90m  7 |[39m
     [90m  8 |[39m redis[33m.[39mon([32m'connect'[39m[33m,[39m () [33m=>[39m console[33m.[39mlog([32m'[REDIS] Connected successfully'[39m))[33m;[39m
    [31m[1m>[22m[39m[90m  9 |[39m redis[33m.[39mon([32m'error'[39m[33m,[39m (err) [33m=>[39m console[33m.[39merror([32m'[REDIS] Connection error:'[39m[33m,[39m err))[33m;[39m
     [90m    |[39m                                    [31m[1m^[22m[39m
     [90m 10 |[39m
     [90m 11 |[39m [90m/**[39m
     [90m 12 |[39m [90m * Live State Management Service[39m[0m

      at EventEmitter.<anonymous> (services/liveState.service.js:9:36)
      at EventEmitter.silentEmit (node_modules/ioredis/built/Redis.js:529:30)
      at Socket.<anonymous> (node_modules/ioredis/built/redis/event_handler.js:221:14)

  console.error
    [REDIS] Connection error: Error: getaddrinfo ENOTFOUND turntable.proxy.rlwy.net
        at GetAddrInfoReqWrap.onlookupall [as oncomplete] (node:dns:122:26) {
      errno: -3008,
      code: 'ENOTFOUND',
      syscall: 'getaddrinfo',
      hostname: 'turntable.proxy.rlwy.net'
    }

    [0m [90m  7 |[39m
     [90m  8 |[39m redis[33m.[39mon([32m'connect'[39m[33m,[39m () [33m=>[39m console[33m.[39mlog([32m'[REDIS] Connected successfully'[39m))[33m;[39m
    [31m[1m>[22m[39m[90m  9 |[39m redis[33m.[39mon([32m'error'[39m[33m,[39m (err) [33m=>[39m console[33m.[39merror([32m'[REDIS] Connection error:'[39m[33m,[39m err))[33m;[39m
     [90m    |[39m                                    [31m[1m^[22m[39m
     [90m 10 |[39m
     [90m 11 |[39m [90m/**[39m
     [90m 12 |[39m [90m * Live State Management Service[39m[0m

      at EventEmitter.<anonymous> (services/liveState.service.js:9:36)
      at EventEmitter.silentEmit (node_modules/ioredis/built/Redis.js:529:30)
      at Socket.<anonymous> (node_modules/ioredis/built/redis/event_handler.js:221:14)

  console.error
    [REDIS] Connection error: Error: getaddrinfo ENOTFOUND turntable.proxy.rlwy.net
        at GetAddrInfoReqWrap.onlookupall [as oncomplete] (node:dns:122:26) {
      errno: -3008,
      code: 'ENOTFOUND',
      syscall: 'getaddrinfo',
      hostname: 'turntable.proxy.rlwy.net'
    }

    [0m [90m  7 |[39m
     [90m  8 |[39m redis[33m.[39mon([32m'connect'[39m[33m,[39m () [33m=>[39m console[33m.[39mlog([32m'[REDIS] Connected successfully'[39m))[33m;[39m
    [31m[1m>[22m[39m[90m  9 |[39m redis[33m.[39mon([32m'error'[39m[33m,[39m (err) [33m=>[39m console[33m.[39merror([32m'[REDIS] Connection error:'[39m[33m,[39m err))[33m;[39m
     [90m    |[39m                                    [31m[1m^[22m[39m
     [90m 10 |[39m
     [90m 11 |[39m [90m/**[39m
     [90m 12 |[39m [90m * Live State Management Service[39m[0m

      at EventEmitter.<anonymous> (services/liveState.service.js:9:36)
      at EventEmitter.silentEmit (node_modules/ioredis/built/Redis.js:529:30)
      at Socket.<anonymous> (node_modules/ioredis/built/redis/event_handler.js:221:14)

  console.error
    [REDIS] Connection error: Error: getaddrinfo ENOTFOUND turntable.proxy.rlwy.net
        at GetAddrInfoReqWrap.onlookupall [as oncomplete] (node:dns:122:26) {
      errno: -3008,
      code: 'ENOTFOUND',
      syscall: 'getaddrinfo',
      hostname: 'turntable.proxy.rlwy.net'
    }

    [0m [90m  7 |[39m
     [90m  8 |[39m redis[33m.[39mon([32m'connect'[39m[33m,[39m () [33m=>[39m console[33m.[39mlog([32m'[REDIS] Connected successfully'[39m))[33m;[39m
    [31m[1m>[22m[39m[90m  9 |[39m redis[33m.[39mon([32m'error'[39m[33m,[39m (err) [33m=>[39m console[33m.[39merror([32m'[REDIS] Connection error:'[39m[33m,[39m err))[33m;[39m
     [90m    |[39m                                    [31m[1m^[22m[39m
     [90m 10 |[39m
     [90m 11 |[39m [90m/**[39m
     [90m 12 |[39m [90m * Live State Management Service[39m[0m

      at EventEmitter.<anonymous> (services/liveState.service.js:9:36)
      at EventEmitter.silentEmit (node_modules/ioredis/built/Redis.js:529:30)
      at Socket.<anonymous> (node_modules/ioredis/built/redis/event_handler.js:221:14)

  console.error
    [REDIS] Connection error: Error: getaddrinfo ENOTFOUND turntable.proxy.rlwy.net
        at GetAddrInfoReqWrap.onlookupall [as oncomplete] (node:dns:122:26) {
      errno: -3008,
      code: 'ENOTFOUND',
      syscall: 'getaddrinfo',
      hostname: 'turntable.proxy.rlwy.net'
    }

    [0m [90m  7 |[39m
     [90m  8 |[39m redis[33m.[39mon([32m'connect'[39m[33m,[39m () [33m=>[39m console[33m.[39mlog([32m'[REDIS] Connected successfully'[39m))[33m;[39m
    [31m[1m>[22m[39m[90m  9 |[39m redis[33m.[39mon([32m'error'[39m[33m,[39m (err) [33m=>[39m console[33m.[39merror([32m'[REDIS] Connection error:'[39m[33m,[39m err))[33m;[39m
     [90m    |[39m                                    [31m[1m^[22m[39m
     [90m 10 |[39m
     [90m 11 |[39m [90m/**[39m
     [90m 12 |[39m [90m * Live State Management Service[39m[0m

      at EventEmitter.<anonymous> (services/liveState.service.js:9:36)
      at EventEmitter.silentEmit (node_modules/ioredis/built/Redis.js:529:30)
      at Socket.<anonymous> (node_modules/ioredis/built/redis/event_handler.js:221:14)

  console.error
    [REDIS] Connection error: Error: getaddrinfo ENOTFOUND turntable.proxy.rlwy.net
        at GetAddrInfoReqWrap.onlookupall [as oncomplete] (node:dns:122:26) {
      errno: -3008,
      code: 'ENOTFOUND',
      syscall: 'getaddrinfo',
      hostname: 'turntable.proxy.rlwy.net'
    }

    [0m [90m  7 |[39m
     [90m  8 |[39m redis[33m.[39mon([32m'connect'[39m[33m,[39m () [33m=>[39m console[33m.[39mlog([32m'[REDIS] Connected successfully'[39m))[33m;[39m
    [31m[1m>[22m[39m[90m  9 |[39m redis[33m.[39mon([32m'error'[39m[33m,[39m (err) [33m=>[39m console[33m.[39merror([32m'[REDIS] Connection error:'[39m[33m,[39m err))[33m;[39m
     [90m    |[39m                                    [31m[1m^[22m[39m
     [90m 10 |[39m
     [90m 11 |[39m [90m/**[39m
     [90m 12 |[39m [90m * Live State Management Service[39m[0m

      at EventEmitter.<anonymous> (services/liveState.service.js:9:36)
      at EventEmitter.silentEmit (node_modules/ioredis/built/Redis.js:529:30)
      at Socket.<anonymous> (node_modules/ioredis/built/redis/event_handler.js:221:14)

  console.error
    [REDIS] Connection error: Error: getaddrinfo ENOTFOUND turntable.proxy.rlwy.net
        at GetAddrInfoReqWrap.onlookupall [as oncomplete] (node:dns:122:26) {
      errno: -3008,
      code: 'ENOTFOUND',
      syscall: 'getaddrinfo',
      hostname: 'turntable.proxy.rlwy.net'
    }

    [0m [90m  7 |[39m
     [90m  8 |[39m redis[33m.[39mon([32m'connect'[39m[33m,[39m () [33m=>[39m console[33m.[39mlog([32m'[REDIS] Connected successfully'[39m))[33m;[39m
    [31m[1m>[22m[39m[90m  9 |[39m redis[33m.[39mon([32m'error'[39m[33m,[39m (err) [33m=>[39m console[33m.[39merror([32m'[REDIS] Connection error:'[39m[33m,[39m err))[33m;[39m
     [90m    |[39m                                    [31m[1m^[22m[39m
     [90m 10 |[39m
     [90m 11 |[39m [90m/**[39m
     [90m 12 |[39m [90m * Live State Management Service[39m[0m

      at EventEmitter.<anonymous> (services/liveState.service.js:9:36)
      at EventEmitter.silentEmit (node_modules/ioredis/built/Redis.js:529:30)
      at Socket.<anonymous> (node_modules/ioredis/built/redis/event_handler.js:221:14)

  console.error
    [REDIS] Connection error: Error: getaddrinfo ENOTFOUND turntable.proxy.rlwy.net
        at GetAddrInfoReqWrap.onlookupall [as oncomplete] (node:dns:122:26) {
      errno: -3008,
      code: 'ENOTFOUND',
      syscall: 'getaddrinfo',
      hostname: 'turntable.proxy.rlwy.net'
    }

    [0m [90m  7 |[39m
     [90m  8 |[39m redis[33m.[39mon([32m'connect'[39m[33m,[39m () [33m=>[39m console[33m.[39mlog([32m'[REDIS] Connected successfully'[39m))[33m;[39m
    [31m[1m>[22m[39m[90m  9 |[39m redis[33m.[39mon([32m'error'[39m[33m,[39m (err) [33m=>[39m console[33m.[39merror([32m'[REDIS] Connection error:'[39m[33m,[39m err))[33m;[39m
     [90m    |[39m                                    [31m[1m^[22m[39m
     [90m 10 |[39m
     [90m 11 |[39m [90m/**[39m
     [90m 12 |[39m [90m * Live State Management Service[39m[0m

      at EventEmitter.<anonymous> (services/liveState.service.js:9:36)
      at EventEmitter.silentEmit (node_modules/ioredis/built/Redis.js:529:30)
      at Socket.<anonymous> (node_modules/ioredis/built/redis/event_handler.js:221:14)

  console.error
    [REDIS] Connection error: Error: connect ETIMEDOUT
        at Socket.<anonymous> (C:\Users\saavi\OneDrive\Desktop\kridaz\kridaz\server\node_modules\ioredis\built\Redis.js:171:41)
        at Object.onceWrapper (node:events:622:28)
        at Socket.emit (node:events:508:28)
        at Socket._onTimeout (node:net:604:8)
        at listOnTimeout (node:internal/timers:605:17)
        at processTimers (node:internal/timers:541:7) {
      errorno: 'ETIMEDOUT',
      code: 'ETIMEDOUT',
      syscall: 'connect'
    }

    [0m [90m  7 |[39m
     [90m  8 |[39m redis[33m.[39mon([32m'connect'[39m[33m,[39m () [33m=>[39m console[33m.[39mlog([32m'[REDIS] Connected successfully'[39m))[33m;[39m
    [31m[1m>[22m[39m[90m  9 |[39m redis[33m.[39mon([32m'error'[39m[33m,[39m (err) [33m=>[39m console[33m.[39merror([32m'[REDIS] Connection error:'[39m[33m,[39m err))[33m;[39m
     [90m    |[39m                                    [31m[1m^[22m[39m
     [90m 10 |[39m
     [90m 11 |[39m [90m/**[39m
     [90m 12 |[39m [90m * Live State Management Service[39m[0m

      at EventEmitter.<anonymous> (services/liveState.service.js:9:36)
      at EventEmitter.silentEmit (node_modules/ioredis/built/Redis.js:529:30)
      at node_modules/ioredis/built/redis/event_handler.js:221:14
      at Socket.<anonymous> (node_modules/ioredis/built/Redis.js:178:61)


  ΓùÅ  Cannot log after tests are done. Did you forget to wait for something async in your test?
    Attempted to log "[REDIS] Connected successfully".

    [0m [90m  6 |[39m [36mconst[39m redis [33m=[39m [36mnew[39m 
[33mRedis[39m(process[33m.[39menv[33m.[39m[33mREDIS_URL[39m [33m||[39m 
[32m'redis://localhost:6379'[39m)[33m;[39m
     [90m  7 |[39m
    [31m[1m>[22m[39m[90m  8 |[39m redis[33m.[39mon([32m'connect'[39m[33m,[39m () [33m=>[39m 
console[33m.[39mlog([32m'[REDIS] Connected successfully'[39m))[33m;[39m
     [90m    |[39m                                   [31m[1m^[22m[39m
     [90m  9 |[39m redis[33m.[39mon([32m'error'[39m[33m,[39m (err) [33m=>[39m 
console[33m.[39merror([32m'[REDIS] Connection error:'[39m[33m,[39m err))[33m;[39m
     [90m 10 |[39m
     [90m 11 |[39m [90m/**[39m[0m

      at console.log (node_modules/@jest/console/build/CustomConsole.js:141:10)
      at EventEmitter.<anonymous> (services/liveState.service.js:8:35)

  console.error
    [REDIS] Connection error: Error: read ECONNRESET
        at TCP.onStreamRead (node:internal/stream_base_commons:216:20) {
      errno: -4077,
      code: 'ECONNRESET',
      syscall: 'read'
    }

    [0m [90m  7 |[39m
     [90m  8 |[39m redis[33m.[39mon([32m'connect'[39m[33m,[39m () [33m=>[39m console[33m.[39mlog([32m'[REDIS] Connected successfully'[39m))[33m;[39m
    [31m[1m>[22m[39m[90m  9 |[39m redis[33m.[39mon([32m'error'[39m[33m,[39m (err) [33m=>[39m console[33m.[39merror([32m'[REDIS] Connection error:'[39m[33m,[39m err))[33m;[39m
     [90m    |[39m                                    [31m[1m^[22m[39m
     [90m 10 |[39m
     [90m 11 |[39m [90m/**[39m
     [90m 12 |[39m [90m * Live State Management Service[39m[0m

      at EventEmitter.<anonymous> (services/liveState.service.js:9:36)
      at EventEmitter.silentEmit (node_modules/ioredis/built/Redis.js:529:30)
      at Socket.<anonymous> (node_modules/ioredis/built/redis/event_handler.js:221:14)


  ΓùÅ  Cannot log after tests are done. Did you forget to wait for something async in your test?
    Attempted to log "[REDIS] Connected successfully".

    [0m [90m  6 |[39m [36mconst[39m redis [33m=[39m [36mnew[39m 
[33mRedis[39m(process[33m.[39menv[33m.[39m[33mREDIS_URL[39m [33m||[39m 
[32m'redis://localhost:6379'[39m)[33m;[39m
     [90m  7 |[39m
    [31m[1m>[22m[39m[90m  8 |[39m redis[33m.[39mon([32m'connect'[39m[33m,[39m () [33m=>[39m 
console[33m.[39mlog([32m'[REDIS] Connected successfully'[39m))[33m;[39m
     [90m    |[39m                                   [31m[1m^[22m[39m
     [90m  9 |[39m redis[33m.[39mon([32m'error'[39m[33m,[39m (err) [33m=>[39m 
console[33m.[39merror([32m'[REDIS] Connection error:'[39m[33m,[39m err))[33m;[39m
     [90m 10 |[39m
     [90m 11 |[39m [90m/**[39m[0m

      at console.log (node_modules/@jest/console/build/CustomConsole.js:141:10)
      at EventEmitter.<anonymous> (services/liveState.service.js:8:35)

  console.error
    [REDIS] Connection error: Error: read ECONNRESET
        at TCP.onStreamRead (node:internal/stream_base_commons:216:20) {
      errno: -4077,
      code: 'ECONNRESET',
      syscall: 'read'
    }

    [0m [90m  7 |[39m
     [90m  8 |[39m redis[33m.[39mon([32m'connect'[39m[33m,[39m () [33m=>[39m console[33m.[39mlog([32m'[REDIS] Connected successfully'[39m))[33m;[39m
    [31m[1m>[22m[39m[90m  9 |[39m redis[33m.[39mon([32m'error'[39m[33m,[39m (err) [33m=>[39m console[33m.[39merror([32m'[REDIS] Connection error:'[39m[33m,[39m err))[33m;[39m
     [90m    |[39m                                    [31m[1m^[22m[39m
     [90m 10 |[39m
     [90m 11 |[39m [90m/**[39m
     [90m 12 |[39m [90m * Live State Management Service[39m[0m

      at EventEmitter.<anonymous> (services/liveState.service.js:9:36)
      at EventEmitter.silentEmit (node_modules/ioredis/built/Redis.js:529:30)
      at Socket.<anonymous> (node_modules/ioredis/built/redis/event_handler.js:221:14)

  console.error
    [REDIS] Connection error: Error: getaddrinfo ENOTFOUND turntable.proxy.rlwy.net
        at GetAddrInfoReqWrap.onlookupall [as oncomplete] (node:dns:122:26) {
      errno: -3008,
      code: 'ENOTFOUND',
      syscall: 'getaddrinfo',
      hostname: 'turntable.proxy.rlwy.net'
    }

    [0m [90m  7 |[39m
     [90m  8 |[39m redis[33m.[39mon([32m'connect'[39m[33m,[39m () [33m=>[39m console[33m.[39mlog([32m'[REDIS] Connected successfully'[39m))[33m;[39m
    [31m[1m>[22m[39m[90m  9 |[39m redis[33m.[39mon([32m'error'[39m[33m,[39m (err) [33m=>[39m console[33m.[39merror([32m'[REDIS] Connection error:'[39m[33m,[39m err))[33m;[39m
     [90m    |[39m                                    [31m[1m^[22m[39m
     [90m 10 |[39m
     [90m 11 |[39m [90m/**[39m
     [90m 12 |[39m [90m * Live State Management Service[39m[0m

      at EventEmitter.<anonymous> (services/liveState.service.js:9:36)
      at EventEmitter.silentEmit (node_modules/ioredis/built/Redis.js:529:30)
      at Socket.<anonymous> (node_modules/ioredis/built/redis/event_handler.js:221:14)

  console.error
    [REDIS] Connection error: Error: connect ETIMEDOUT
        at Socket.<anonymous> (C:\Users\saavi\OneDrive\Desktop\kridaz\kridaz\server\node_modules\ioredis\built\Redis.js:171:41)
        at Object.onceWrapper (node:events:622:28)
        at Socket.emit (node:events:508:28)
        at Socket._onTimeout (node:net:604:8)
        at listOnTimeout (node:internal/timers:605:17)
        at processTimers (node:internal/timers:541:7) {
      errorno: 'ETIMEDOUT',
      code: 'ETIMEDOUT',
      syscall: 'connect'
    }

    [0m [90m  7 |[39m
     [90m  8 |[39m redis[33m.[39mon([32m'connect'[39m[33m,[39m () [33m=>[39m console[33m.[39mlog([32m'[REDIS] Connected successfully'[39m))[33m;[39m
    [31m[1m>[22m[39m[90m  9 |[39m redis[33m.[39mon([32m'error'[39m[33m,[39m (err) [33m=>[39m console[33m.[39merror([32m'[REDIS] Connection error:'[39m[33m,[39m err))[33m;[39m
     [90m    |[39m                                    [31m[1m^[22m[39m
     [90m 10 |[39m
     [90m 11 |[39m [90m/**[39m
     [90m 12 |[39m [90m * Live State Management Service[39m[0m

      at EventEmitter.<anonymous> (services/liveState.service.js:9:36)
      at EventEmitter.silentEmit (node_modules/ioredis/built/Redis.js:529:30)
      at node_modules/ioredis/built/redis/event_handler.js:221:14
      at Socket.<anonymous> (node_modules/ioredis/built/Redis.js:178:61)

  console.error
    [REDIS] Connection error: Error: connect ETIMEDOUT
        at Socket.<anonymous> (C:\Users\saavi\OneDrive\Desktop\kridaz\kridaz\server\node_modules\ioredis\built\Redis.js:171:41)
        at Object.onceWrapper (node:events:622:28)
        at Socket.emit (node:events:508:28)
        at Socket._onTimeout (node:net:604:8)
        at listOnTimeout (node:internal/timers:605:17)
        at processTimers (node:internal/timers:541:7) {
      errorno: 'ETIMEDOUT',
      code: 'ETIMEDOUT',
      syscall: 'connect'
    }

    [0m [90m  7 |[39m
     [90m  8 |[39m redis[33m.[39mon([32m'connect'[39m[33m,[39m () [33m=>[39m console[33m.[39mlog([32m'[REDIS] Connected successfully'[39m))[33m;[39m
    [31m[1m>[22m[39m[90m  9 |[39m redis[33m.[39mon([32m'error'[39m[33m,[39m (err) [33m=>[39m console[33m.[39merror([32m'[REDIS] Connection error:'[39m[33m,[39m err))[33m;[39m
     [90m    |[39m                                    [31m[1m^[22m[39m
     [90m 10 |[39m
     [90m 11 |[39m [90m/**[39m
     [90m 12 |[39m [90m * Live State Management Service[39m[0m

      at EventEmitter.<anonymous> (services/liveState.service.js:9:36)
      at EventEmitter.silentEmit (node_modules/ioredis/built/Redis.js:529:30)
      at node_modules/ioredis/built/redis/event_handler.js:221:14
      at Socket.<anonymous> (node_modules/ioredis/built/Redis.js:178:61)

  console.error
    [REDIS] Connection error: Error: connect ETIMEDOUT
        at Socket.<anonymous> (C:\Users\saavi\OneDrive\Desktop\kridaz\kridaz\server\node_modules\ioredis\built\Redis.js:171:41)
        at Object.onceWrapper (node:events:622:28)
        at Socket.emit (node:events:508:28)
        at Socket._onTimeout (node:net:604:8)
        at listOnTimeout (node:internal/timers:605:17)
        at processTimers (node:internal/timers:541:7) {
      errorno: 'ETIMEDOUT',
      code: 'ETIMEDOUT',
      syscall: 'connect'
    }

    [0m [90m  7 |[39m
     [90m  8 |[39m redis[33m.[39mon([32m'connect'[39m[33m,[39m () [33m=>[39m console[33m.[39mlog([32m'[REDIS] Connected successfully'[39m))[33m;[39m
    [31m[1m>[22m[39m[90m  9 |[39m redis[33m.[39mon([32m'error'[39m[33m,[39m (err) [33m=>[39m console[33m.[39merror([32m'[REDIS] Connection error:'[39m[33m,[39m err))[33m;[39m
     [90m    |[39m                                    [31m[1m^[22m[39m
     [90m 10 |[39m
     [90m 11 |[39m [90m/**[39m
     [90m 12 |[39m [90m * Live State Management Service[39m[0m

      at EventEmitter.<anonymous> (services/liveState.service.js:9:36)
      at EventEmitter.silentEmit (node_modules/ioredis/built/Redis.js:529:30)
      at node_modules/ioredis/built/redis/event_handler.js:221:14
      at Socket.<anonymous> (node_modules/ioredis/built/Redis.js:178:61)

  console.error
    [REDIS] Connection error: Error: getaddrinfo ENOTFOUND turntable.proxy.rlwy.net
        at GetAddrInfoReqWrap.onlookupall [as oncomplete] (node:dns:122:26) {
      errno: -3008,
      code: 'ENOTFOUND',
      syscall: 'getaddrinfo',
      hostname: 'turntable.proxy.rlwy.net'
    }

    [0m [90m  7 |[39m
     [90m  8 |[39m redis[33m.[39mon([32m'connect'[39m[33m,[39m () [33m=>[39m console[33m.[39mlog([32m'[REDIS] Connected successfully'[39m))[33m;[39m
    [31m[1m>[22m[39m[90m  9 |[39m redis[33m.[39mon([32m'error'[39m[33m,[39m (err) [33m=>[39m console[33m.[39merror([32m'[REDIS] Connection error:'[39m[33m,[39m err))[33m;[39m
     [90m    |[39m                                    [31m[1m^[22m[39m
     [90m 10 |[39m
     [90m 11 |[39m [90m/**[39m
     [90m 12 |[39m [90m * Live State Management Service[39m[0m

      at EventEmitter.<anonymous> (services/liveState.service.js:9:36)
      at EventEmitter.silentEmit (node_modules/ioredis/built/Redis.js:529:30)
      at Socket.<anonymous> (node_modules/ioredis/built/redis/event_handler.js:221:14)

  console.error
    [REDIS] Connection error: Error: getaddrinfo ENOTFOUND turntable.proxy.rlwy.net
        at GetAddrInfoReqWrap.onlookupall [as oncomplete] (node:dns:122:26) {
      errno: -3008,
      code: 'ENOTFOUND',
      syscall: 'getaddrinfo',
      hostname: 'turntable.proxy.rlwy.net'
    }

    [0m [90m  7 |[39m
     [90m  8 |[39m redis[33m.[39mon([32m'connect'[39m[33m,[39m () [33m=>[39m console[33m.[39mlog([32m'[REDIS] Connected successfully'[39m))[33m;[39m
    [31m[1m>[22m[39m[90m  9 |[39m redis[33m.[39mon([32m'error'[39m[33m,[39m (err) [33m=>[39m console[33m.[39merror([32m'[REDIS] Connection error:'[39m[33m,[39m err))[33m;[39m
     [90m    |[39m                                    [31m[1m^[22m[39m
     [90m 10 |[39m
     [90m 11 |[39m [90m/**[39m
     [90m 12 |[39m [90m * Live State Management Service[39m[0m

      at EventEmitter.<anonymous> (services/liveState.service.js:9:36)
      at EventEmitter.silentEmit (node_modules/ioredis/built/Redis.js:529:30)
      at Socket.<anonymous> (node_modules/ioredis/built/redis/event_handler.js:221:14)

  console.error
    [REDIS] Connection error: Error: getaddrinfo ENOTFOUND turntable.proxy.rlwy.net
        at GetAddrInfoReqWrap.onlookupall [as oncomplete] (node:dns:122:26) {
      errno: -3008,
      code: 'ENOTFOUND',
      syscall: 'getaddrinfo',
      hostname: 'turntable.proxy.rlwy.net'
    }

    [0m [90m  7 |[39m
     [90m  8 |[39m redis[33m.[39mon([32m'connect'[39m[33m,[39m () [33m=>[39m console[33m.[39mlog([32m'[REDIS] Connected successfully'[39m))[33m;[39m
    [31m[1m>[22m[39m[90m  9 |[39m redis[33m.[39mon([32m'error'[39m[33m,[39m (err) [33m=>[39m console[33m.[39merror([32m'[REDIS] Connection error:'[39m[33m,[39m err))[33m;[39m
     [90m    |[39m                                    [31m[1m^[22m[39m
     [90m 10 |[39m
     [90m 11 |[39m [90m/**[39m
     [90m 12 |[39m [90m * Live State Management Service[39m[0m

      at EventEmitter.<anonymous> (services/liveState.service.js:9:36)
      at EventEmitter.silentEmit (node_modules/ioredis/built/Redis.js:529:30)
      at Socket.<anonymous> (node_modules/ioredis/built/redis/event_handler.js:221:14)

  console.error
    [REDIS] Connection error: Error: getaddrinfo ENOTFOUND turntable.proxy.rlwy.net
        at GetAddrInfoReqWrap.onlookupall [as oncomplete] (node:dns:122:26) {
      errno: -3008,
      code: 'ENOTFOUND',
      syscall: 'getaddrinfo',
      hostname: 'turntable.proxy.rlwy.net'
    }

    [0m [90m  7 |[39m
     [90m  8 |[39m redis[33m.[39mon([32m'connect'[39m[33m,[39m () [33m=>[39m console[33m.[39mlog([32m'[REDIS] Connected successfully'[39m))[33m;[39m
    [31m[1m>[22m[39m[90m  9 |[39m redis[33m.[39mon([32m'error'[39m[33m,[39m (err) [33m=>[39m console[33m.[39merror([32m'[REDIS] Connection error:'[39m[33m,[39m err))[33m;[39m
     [90m    |[39m                                    [31m[1m^[22m[39m
     [90m 10 |[39m
     [90m 11 |[39m [90m/**[39m
     [90m 12 |[39m [90m * Live State Management Service[39m[0m

      at EventEmitter.<anonymous> (services/liveState.service.js:9:36)
      at EventEmitter.silentEmit (node_modules/ioredis/built/Redis.js:529:30)
      at Socket.<anonymous> (node_modules/ioredis/built/redis/event_handler.js:221:14)

  console.error
    [REDIS] Connection error: Error: getaddrinfo ENOTFOUND turntable.proxy.rlwy.net
        at GetAddrInfoReqWrap.onlookupall [as oncomplete] (node:dns:122:26) {
      errno: -3008,
      code: 'ENOTFOUND',
      syscall: 'getaddrinfo',
      hostname: 'turntable.proxy.rlwy.net'
    }

    [0m [90m  7 |[39m
     [90m  8 |[39m redis[33m.[39mon([32m'connect'[39m[33m,[39m () [33m=>[39m console[33m.[39mlog([32m'[REDIS] Connected successfully'[39m))[33m;[39m
    [31m[1m>[22m[39m[90m  9 |[39m redis[33m.[39mon([32m'error'[39m[33m,[39m (err) [33m=>[39m console[33m.[39merror([32m'[REDIS] Connection error:'[39m[33m,[39m err))[33m;[39m
     [90m    |[39m                                    [31m[1m^[22m[39m
     [90m 10 |[39m
     [90m 11 |[39m [90m/**[39m
     [90m 12 |[39m [90m * Live State Management Service[39m[0m

      at EventEmitter.<anonymous> (services/liveState.service.js:9:36)
      at EventEmitter.silentEmit (node_modules/ioredis/built/Redis.js:529:30)
      at Socket.<anonymous> (node_modules/ioredis/built/redis/event_handler.js:221:14)

  console.error
    [REDIS] Connection error: Error: getaddrinfo ENOTFOUND turntable.proxy.rlwy.net
        at GetAddrInfoReqWrap.onlookupall [as oncomplete] (node:dns:122:26) {
      errno: -3008,
      code: 'ENOTFOUND',
      syscall: 'getaddrinfo',
      hostname: 'turntable.proxy.rlwy.net'
    }

    [0m [90m  7 |[39m
     [90m  8 |[39m redis[33m.[39mon([32m'connect'[39m[33m,[39m () [33m=>[39m console[33m.[39mlog([32m'[REDIS] Connected successfully'[39m))[33m;[39m
    [31m[1m>[22m[39m[90m  9 |[39m redis[33m.[39mon([32m'error'[39m[33m,[39m (err) [33m=>[39m console[33m.[39merror([32m'[REDIS] Connection error:'[39m[33m,[39m err))[33m;[39m
     [90m    |[39m                                    [31m[1m^[22m[39m
     [90m 10 |[39m
     [90m 11 |[39m [90m/**[39m
     [90m 12 |[39m [90m * Live State Management Service[39m[0m

      at EventEmitter.<anonymous> (services/liveState.service.js:9:36)
      at EventEmitter.silentEmit (node_modules/ioredis/built/Redis.js:529:30)
      at Socket.<anonymous> (node_modules/ioredis/built/redis/event_handler.js:221:14)

  console.error
    [REDIS] Connection error: Error: getaddrinfo ENOTFOUND turntable.proxy.rlwy.net
        at GetAddrInfoReqWrap.onlookupall [as oncomplete] (node:dns:122:26) {
      errno: -3008,
      code: 'ENOTFOUND',
      syscall: 'getaddrinfo',
      hostname: 'turntable.proxy.rlwy.net'
    }

    [0m [90m  7 |[39m
     [90m  8 |[39m redis[33m.[39mon([32m'connect'[39m[33m,[39m () [33m=>[39m console[33m.[39mlog([32m'[REDIS] Connected successfully'[39m))[33m;[39m
    [31m[1m>[22m[39m[90m  9 |[39m redis[33m.[39mon([32m'error'[39m[33m,[39m (err) [33m=>[39m console[33m.[39merror([32m'[REDIS] Connection error:'[39m[33m,[39m err))[33m;[39m
     [90m    |[39m                                    [31m[1m^[22m[39m
     [90m 10 |[39m
     [90m 11 |[39m [90m/**[39m
     [90m 12 |[39m [90m * Live State Management Service[39m[0m

      at EventEmitter.<anonymous> (services/liveState.service.js:9:36)
      at EventEmitter.silentEmit (node_modules/ioredis/built/Redis.js:529:30)
      at Socket.<anonymous> (node_modules/ioredis/built/redis/event_handler.js:221:14)

  console.error
    [REDIS] Connection error: Error: getaddrinfo ENOTFOUND turntable.proxy.rlwy.net
        at GetAddrInfoReqWrap.onlookupall [as oncomplete] (node:dns:122:26) {
      errno: -3008,
      code: 'ENOTFOUND',
      syscall: 'getaddrinfo',
      hostname: 'turntable.proxy.rlwy.net'
    }

    [0m [90m  7 |[39m
     [90m  8 |[39m redis[33m.[39mon([32m'connect'[39m[33m,[39m () [33m=>[39m console[33m.[39mlog([32m'[REDIS] Connected successfully'[39m))[33m;[39m
    [31m[1m>[22m[39m[90m  9 |[39m redis[33m.[39mon([32m'error'[39m[33m,[39m (err) [33m=>[39m console[33m.[39merror([32m'[REDIS] Connection error:'[39m[33m,[39m err))[33m;[39m
     [90m    |[39m                                    [31m[1m^[22m[39m
     [90m 10 |[39m
     [90m 11 |[39m [90m/**[39m
     [90m 12 |[39m [90m * Live State Management Service[39m[0m

      at EventEmitter.<anonymous> (services/liveState.service.js:9:36)
      at EventEmitter.silentEmit (node_modules/ioredis/built/Redis.js:529:30)
      at Socket.<anonymous> (node_modules/ioredis/built/redis/event_handler.js:221:14)

  console.error
    [REDIS] Connection error: Error: getaddrinfo ENOTFOUND turntable.proxy.rlwy.net
        at GetAddrInfoReqWrap.onlookupall [as oncomplete] (node:dns:122:26) {
      errno: -3008,
      code: 'ENOTFOUND',
      syscall: 'getaddrinfo',
      hostname: 'turntable.proxy.rlwy.net'
    }

    [0m [90m  7 |[39m
     [90m  8 |[39m redis[33m.[39mon([32m'connect'[39m[33m,[39m () [33m=>[39m console[33m.[39mlog([32m'[REDIS] Connected successfully'[39m))[33m;[39m
    [31m[1m>[22m[39m[90m  9 |[39m redis[33m.[39mon([32m'error'[39m[33m,[39m (err) [33m=>[39m console[33m.[39merror([32m'[REDIS] Connection error:'[39m[33m,[39m err))[33m;[39m
     [90m    |[39m                                    [31m[1m^[22m[39m
     [90m 10 |[39m
     [90m 11 |[39m [90m/**[39m
     [90m 12 |[39m [90m * Live State Management Service[39m[0m

      at EventEmitter.<anonymous> (services/liveState.service.js:9:36)
      at EventEmitter.silentEmit (node_modules/ioredis/built/Redis.js:529:30)
      at Socket.<anonymous> (node_modules/ioredis/built/redis/event_handler.js:221:14)

  console.error
    [REDIS] Connection error: Error: getaddrinfo ENOTFOUND turntable.proxy.rlwy.net
        at GetAddrInfoReqWrap.onlookupall [as oncomplete] (node:dns:122:26) {
      errno: -3008,
      code: 'ENOTFOUND',
      syscall: 'getaddrinfo',
      hostname: 'turntable.proxy.rlwy.net'
    }

    [0m [90m  7 |[39m
     [90m  8 |[39m redis[33m.[39mon([32m'connect'[39m[33m,[39m () [33m=>[39m console[33m.[39mlog([32m'[REDIS] Connected successfully'[39m))[33m;[39m
    [31m[1m>[22m[39m[90m  9 |[39m redis[33m.[39mon([32m'error'[39m[33m,[39m (err) [33m=>[39m console[33m.[39merror([32m'[REDIS] Connection error:'[39m[33m,[39m err))[33m;[39m
     [90m    |[39m                                    [31m[1m^[22m[39m
     [90m 10 |[39m
     [90m 11 |[39m [90m/**[39m
     [90m 12 |[39m [90m * Live State Management Service[39m[0m

      at EventEmitter.<anonymous> (services/liveState.service.js:9:36)
      at EventEmitter.silentEmit (node_modules/ioredis/built/Redis.js:529:30)
      at Socket.<anonymous> (node_modules/ioredis/built/redis/event_handler.js:221:14)

  console.error
    [REDIS] Connection error: Error: getaddrinfo ENOTFOUND turntable.proxy.rlwy.net
        at GetAddrInfoReqWrap.onlookupall [as oncomplete] (node:dns:122:26) {
      errno: -3008,
      code: 'ENOTFOUND',
      syscall: 'getaddrinfo',
      hostname: 'turntable.proxy.rlwy.net'
    }

    [0m [90m  7 |[39m
     [90m  8 |[39m redis[33m.[39mon([32m'connect'[39m[33m,[39m () [33m=>[39m console[33m.[39mlog([32m'[REDIS] Connected successfully'[39m))[33m;[39m
    [31m[1m>[22m[39m[90m  9 |[39m redis[33m.[39mon([32m'error'[39m[33m,[39m (err) [33m=>[39m console[33m.[39merror([32m'[REDIS] Connection error:'[39m[33m,[39m err))[33m;[39m
     [90m    |[39m                                    [31m[1m^[22m[39m
     [90m 10 |[39m
     [90m 11 |[39m [90m/**[39m
     [90m 12 |[39m [90m * Live State Management Service[39m[0m

      at EventEmitter.<anonymous> (services/liveState.service.js:9:36)
      at EventEmitter.silentEmit (node_modules/ioredis/built/Redis.js:529:30)
      at Socket.<anonymous> (node_modules/ioredis/built/redis/event_handler.js:221:14)

  console.error
    [REDIS] Connection error: Error: getaddrinfo ENOTFOUND turntable.proxy.rlwy.net
        at GetAddrInfoReqWrap.onlookupall [as oncomplete] (node:dns:122:26) {
      errno: -3008,
      code: 'ENOTFOUND',
      syscall: 'getaddrinfo',
      hostname: 'turntable.proxy.rlwy.net'
    }

    [0m [90m  7 |[39m
     [90m  8 |[39m redis[33m.[39mon([32m'connect'[39m[33m,[39m () [33m=>[39m console[33m.[39mlog([32m'[REDIS] Connected successfully'[39m))[33m;[39m
    [31m[1m>[22m[39m[90m  9 |[39m redis[33m.[39mon([32m'error'[39m[33m,[39m (err) [33m=>[39m console[33m.[39merror([32m'[REDIS] Connection error:'[39m[33m,[39m err))[33m;[39m
     [90m    |[39m                                    [31m[1m^[22m[39m
     [90m 10 |[39m
     [90m 11 |[39m [90m/**[39m
     [90m 12 |[39m [90m * Live State Management Service[39m[0m

      at EventEmitter.<anonymous> (services/liveState.service.js:9:36)
      at EventEmitter.silentEmit (node_modules/ioredis/built/Redis.js:529:30)
      at Socket.<anonymous> (node_modules/ioredis/built/redis/event_handler.js:221:14)

  console.error
    [REDIS] Connection error: Error: getaddrinfo ENOTFOUND turntable.proxy.rlwy.net
        at GetAddrInfoReqWrap.onlookupall [as oncomplete] (node:dns:122:26) {
      errno: -3008,
      code: 'ENOTFOUND',
      syscall: 'getaddrinfo',
      hostname: 'turntable.proxy.rlwy.net'
    }

    [0m [90m  7 |[39m
     [90m  8 |[39m redis[33m.[39mon([32m'connect'[39m[33m,[39m () [33m=>[39m console[33m.[39mlog([32m'[REDIS] Connected successfully'[39m))[33m;[39m
    [31m[1m>[22m[39m[90m  9 |[39m redis[33m.[39mon([32m'error'[39m[33m,[39m (err) [33m=>[39m console[33m.[39merror([32m'[REDIS] Connection error:'[39m[33m,[39m err))[33m;[39m
     [90m    |[39m                                    [31m[1m^[22m[39m
     [90m 10 |[39m
     [90m 11 |[39m [90m/**[39m
     [90m 12 |[39m [90m * Live State Management Service[39m[0m

      at EventEmitter.<anonymous> (services/liveState.service.js:9:36)
      at EventEmitter.silentEmit (node_modules/ioredis/built/Redis.js:529:30)
      at Socket.<anonymous> (node_modules/ioredis/built/redis/event_handler.js:221:14)

  console.error
    [REDIS] Connection error: Error: getaddrinfo ENOTFOUND turntable.proxy.rlwy.net
        at GetAddrInfoReqWrap.onlookupall [as oncomplete] (node:dns:122:26) {
      errno: -3008,
      code: 'ENOTFOUND',
      syscall: 'getaddrinfo',
      hostname: 'turntable.proxy.rlwy.net'
    }

    [0m [90m  7 |[39m
     [90m  8 |[39m redis[33m.[39mon([32m'connect'[39m[33m,[39m () [33m=>[39m console[33m.[39mlog([32m'[REDIS] Connected successfully'[39m))[33m;[39m
    [31m[1m>[22m[39m[90m  9 |[39m redis[33m.[39mon([32m'error'[39m[33m,[39m (err) [33m=>[39m console[33m.[39merror([32m'[REDIS] Connection error:'[39m[33m,[39m err))[33m;[39m
     [90m    |[39m                                    [31m[1m^[22m[39m
     [90m 10 |[39m
     [90m 11 |[39m [90m/**[39m
     [90m 12 |[39m [90m * Live State Management Service[39m[0m

      at EventEmitter.<anonymous> (services/liveState.service.js:9:36)
      at EventEmitter.silentEmit (node_modules/ioredis/built/Redis.js:529:30)
      at Socket.<anonymous> (node_modules/ioredis/built/redis/event_handler.js:221:14)

  console.error
    [REDIS] Connection error: Error: getaddrinfo ENOTFOUND turntable.proxy.rlwy.net
        at GetAddrInfoReqWrap.onlookupall [as oncomplete] (node:dns:122:26) {
      errno: -3008,
      code: 'ENOTFOUND',
      syscall: 'getaddrinfo',
      hostname: 'turntable.proxy.rlwy.net'
    }

    [0m [90m  7 |[39m
     [90m  8 |[39m redis[33m.[39mon([32m'connect'[39m[33m,[39m () [33m=>[39m console[33m.[39mlog([32m'[REDIS] Connected successfully'[39m))[33m;[39m
    [31m[1m>[22m[39m[90m  9 |[39m redis[33m.[39mon([32m'error'[39m[33m,[39m (err) [33m=>[39m console[33m.[39merror([32m'[REDIS] Connection error:'[39m[33m,[39m err))[33m;[39m
     [90m    |[39m                                    [31m[1m^[22m[39m
     [90m 10 |[39m
     [90m 11 |[39m [90m/**[39m
     [90m 12 |[39m [90m * Live State Management Service[39m[0m

      at EventEmitter.<anonymous> (services/liveState.service.js:9:36)
      at EventEmitter.silentEmit (node_modules/ioredis/built/Redis.js:529:30)
      at Socket.<anonymous> (node_modules/ioredis/built/redis/event_handler.js:221:14)


  ΓùÅ  Cannot log after tests are done. Did you forget to wait for something async in your test?
    Attempted to log "[REDIS] Connected successfully".

    [0m [90m  6 |[39m [36mconst[39m redis [33m=[39m [36mnew[39m 
[33mRedis[39m(process[33m.[39menv[33m.[39m[33mREDIS_URL[39m [33m||[39m 
[32m'redis://localhost:6379'[39m)[33m;[39m
     [90m  7 |[39m
    [31m[1m>[22m[39m[90m  8 |[39m redis[33m.[39mon([32m'connect'[39m[33m,[39m () [33m=>[39m 
console[33m.[39mlog([32m'[REDIS] Connected successfully'[39m))[33m;[39m
     [90m    |[39m                                   [31m[1m^[22m[39m
     [90m  9 |[39m redis[33m.[39mon([32m'error'[39m[33m,[39m (err) [33m=>[39m 
console[33m.[39merror([32m'[REDIS] Connection error:'[39m[33m,[39m err))[33m;[39m
     [90m 10 |[39m
     [90m 11 |[39m [90m/**[39m[0m

      at console.log (node_modules/@jest/console/build/CustomConsole.js:141:10)
      at EventEmitter.<anonymous> (services/liveState.service.js:8:35)

  console.error
    [REDIS] Connection error: Error: read ECONNRESET
        at TCP.onStreamRead (node:internal/stream_base_commons:216:20) {
      errno: -4077,
      code: 'ECONNRESET',
      syscall: 'read'
    }

    [0m [90m  7 |[39m
     [90m  8 |[39m redis[33m.[39mon([32m'connect'[39m[33m,[39m () [33m=>[39m console[33m.[39mlog([32m'[REDIS] Connected successfully'[39m))[33m;[39m
    [31m[1m>[22m[39m[90m  9 |[39m redis[33m.[39mon([32m'error'[39m[33m,[39m (err) [33m=>[39m console[33m.[39merror([32m'[REDIS] Connection error:'[39m[33m,[39m err))[33m;[39m
     [90m    |[39m                                    [31m[1m^[22m[39m
     [90m 10 |[39m
     [90m 11 |[39m [90m/**[39m
     [90m 12 |[39m [90m * Live State Management Service[39m[0m

      at EventEmitter.<anonymous> (services/liveState.service.js:9:36)
      at EventEmitter.silentEmit (node_modules/ioredis/built/Redis.js:529:30)
      at Socket.<anonymous> (node_modules/ioredis/built/redis/event_handler.js:221:14)


  ΓùÅ  Cannot log after tests are done. Did you forget to wait for something async in your test?
    Attempted to log "[REDIS] Connected successfully".

    [0m [90m  6 |[39m [36mconst[39m redis [33m=[39m [36mnew[39m 
[33mRedis[39m(process[33m.[39menv[33m.[39m[33mREDIS_URL[39m [33m||[39m 
[32m'redis://localhost:6379'[39m)[33m;[39m
     [90m  7 |[39m
    [31m[1m>[22m[39m[90m  8 |[39m redis[33m.[39mon([32m'connect'[39m[33m,[39m () [33m=>[39m 
console[33m.[39mlog([32m'[REDIS] Connected successfully'[39m))[33m;[39m
     [90m    |[39m                                   [31m[1m^[22m[39m
     [90m  9 |[39m redis[33m.[39mon([32m'error'[39m[33m,[39m (err) [33m=>[39m 
console[33m.[39merror([32m'[REDIS] Connection error:'[39m[33m,[39m err))[33m;[39m
     [90m 10 |[39m
     [90m 11 |[39m [90m/**[39m[0m

      at console.log (node_modules/@jest/console/build/CustomConsole.js:141:10)
      at EventEmitter.<anonymous> (services/liveState.service.js:8:35)

  console.error
    [REDIS] Connection error: Error: read ECONNRESET
        at TCP.onStreamRead (node:internal/stream_base_commons:216:20) {
      errno: -4077,
      code: 'ECONNRESET',
      syscall: 'read'
    }

    [0m [90m  7 |[39m
     [90m  8 |[39m redis[33m.[39mon([32m'connect'[39m[33m,[39m () [33m=>[39m console[33m.[39mlog([32m'[REDIS] Connected successfully'[39m))[33m;[39m
    [31m[1m>[22m[39m[90m  9 |[39m redis[33m.[39mon([32m'error'[39m[33m,[39m (err) [33m=>[39m console[33m.[39merror([32m'[REDIS] Connection error:'[39m[33m,[39m err))[33m;[39m
     [90m    |[39m                                    [31m[1m^[22m[39m
     [90m 10 |[39m
     [90m 11 |[39m [90m/**[39m
     [90m 12 |[39m [90m * Live State Management Service[39m[0m

      at EventEmitter.<anonymous> (services/liveState.service.js:9:36)
      at EventEmitter.silentEmit (node_modules/ioredis/built/Redis.js:529:30)
      at Socket.<anonymous> (node_modules/ioredis/built/redis/event_handler.js:221:14)


  ΓùÅ  Cannot log after tests are done. Did you forget to wait for something async in your test?
    Attempted to log "[REDIS] Connected successfully".

    [0m [90m  6 |[39m [36mconst[39m redis [33m=[39m [36mnew[39m 
[33mRedis[39m(process[33m.[39menv[33m.[39m[33mREDIS_URL[39m [33m||[39m 
[32m'redis://localhost:6379'[39m)[33m;[39m
     [90m  7 |[39m
    [31m[1m>[22m[39m[90m  8 |[39m redis[33m.[39mon([32m'connect'[39m[33m,[39m () [33m=>[39m 
console[33m.[39mlog([32m'[REDIS] Connected successfully'[39m))[33m;[39m
     [90m    |[39m                                   [31m[1m^[22m[39m
     [90m  9 |[39m redis[33m.[39mon([32m'error'[39m[33m,[39m (err) [33m=>[39m 
console[33m.[39merror([32m'[REDIS] Connection error:'[39m[33m,[39m err))[33m;[39m
     [90m 10 |[39m
     [90m 11 |[39m [90m/**[39m[0m

      at console.log (node_modules/@jest/console/build/CustomConsole.js:141:10)
      at EventEmitter.<anonymous> (services/liveState.service.js:8:35)

  console.error
    [REDIS] Connection error: Error: read ECONNRESET
        at TCP.onStreamRead (node:internal/stream_base_commons:216:20) {
      errno: -4077,
      code: 'ECONNRESET',
      syscall: 'read'
    }

    [0m [90m  7 |[39m
     [90m  8 |[39m redis[33m.[39mon([32m'connect'[39m[33m,[39m () [33m=>[39m console[33m.[39mlog([32m'[REDIS] Connected successfully'[39m))[33m;[39m
    [31m[1m>[22m[39m[90m  9 |[39m redis[33m.[39mon([32m'error'[39m[33m,[39m (err) [33m=>[39m console[33m.[39merror([32m'[REDIS] Connection error:'[39m[33m,[39m err))[33m;[39m
     [90m    |[39m                                    [31m[1m^[22m[39m
     [90m 10 |[39m
     [90m 11 |[39m [90m/**[39m
     [90m 12 |[39m [90m * Live State Management Service[39m[0m

      at EventEmitter.<anonymous> (services/liveState.service.js:9:36)
      at EventEmitter.silentEmit (node_modules/ioredis/built/Redis.js:529:30)
      at Socket.<anonymous> (node_modules/ioredis/built/redis/event_handler.js:221:14)


  ΓùÅ  Cannot log after tests are done. Did you forget to wait for something async in your test?
    Attempted to log "[REDIS] Connected successfully".

    [0m [90m  6 |[39m [36mconst[39m redis [33m=[39m [36mnew[39m 
[33mRedis[39m(process[33m.[39menv[33m.[39m[33mREDIS_URL[39m [33m||[39m 
[32m'redis://localhost:6379'[39m)[33m;[39m
     [90m  7 |[39m
    [31m[1m>[22m[39m[90m  8 |[39m redis[33m.[39mon([32m'connect'[39m[33m,[39m () [33m=>[39m 
console[33m.[39mlog([32m'[REDIS] Connected successfully'[39m))[33m;[39m
     [90m    |[39m                                   [31m[1m^[22m[39m
     [90m  9 |[39m redis[33m.[39mon([32m'error'[39m[33m,[39m (err) [33m=>[39m 
console[33m.[39merror([32m'[REDIS] Connection error:'[39m[33m,[39m err))[33m;[39m
     [90m 10 |[39m
     [90m 11 |[39m [90m/**[39m[0m

      at console.log (node_modules/@jest/console/build/CustomConsole.js:141:10)
      at EventEmitter.<anonymous> (services/liveState.service.js:8:35)

  console.error
    [REDIS] Connection error: Error: read ECONNRESET
        at TCP.onStreamRead (node:internal/stream_base_commons:216:20) {
      errno: -4077,
      code: 'ECONNRESET',
      syscall: 'read'
    }

    [0m [90m  7 |[39m
     [90m  8 |[39m redis[33m.[39mon([32m'connect'[39m[33m,[39m () [33m=>[39m console[33m.[39mlog([32m'[REDIS] Connected successfully'[39m))[33m;[39m
    [31m[1m>[22m[39m[90m  9 |[39m redis[33m.[39mon([32m'error'[39m[33m,[39m (err) [33m=>[39m console[33m.[39merror([32m'[REDIS] Connection error:'[39m[33m,[39m err))[33m;[39m
     [90m    |[39m                                    [31m[1m^[22m[39m
     [90m 10 |[39m
     [90m 11 |[39m [90m/**[39m
     [90m 12 |[39m [90m * Live State Management Service[39m[0m

      at EventEmitter.<anonymous> (services/liveState.service.js:9:36)
      at EventEmitter.silentEmit (node_modules/ioredis/built/Redis.js:529:30)
      at Socket.<anonymous> (node_modules/ioredis/built/redis/event_handler.js:221:14)

  console.error
    [REDIS] Connection error: Error: connect ETIMEDOUT
        at Socket.<anonymous> (C:\Users\saavi\OneDrive\Desktop\kridaz\kridaz\server\node_modules\ioredis\built\Redis.js:171:41)
        at Object.onceWrapper (node:events:622:28)
        at Socket.emit (node:events:508:28)
        at Socket._onTimeout (node:net:604:8)
        at listOnTimeout (node:internal/timers:605:17)
        at processTimers (node:internal/timers:541:7) {
      errorno: 'ETIMEDOUT',
      code: 'ETIMEDOUT',
      syscall: 'connect'
    }

    [0m [90m  7 |[39m
     [90m  8 |[39m redis[33m.[39mon([32m'connect'[39m[33m,[39m () [33m=>[39m console[33m.[39mlog([32m'[REDIS] Connected successfully'[39m))[33m;[39m
    [31m[1m>[22m[39m[90m  9 |[39m redis[33m.[39mon([32m'error'[39m[33m,[39m (err) [33m=>[39m console[33m.[39merror([32m'[REDIS] Connection error:'[39m[33m,[39m err))[33m;[39m
     [90m    |[39m                                    [31m[1m^[22m[39m
     [90m 10 |[39m
     [90m 11 |[39m [90m/**[39m
     [90m 12 |[39m [90m * Live State Management Service[39m[0m

      at EventEmitter.<anonymous> (services/liveState.service.js:9:36)
      at EventEmitter.silentEmit (node_modules/ioredis/built/Redis.js:529:30)
      at node_modules/ioredis/built/redis/event_handler.js:221:14
      at Socket.<anonymous> (node_modules/ioredis/built/Redis.js:178:61)

  console.error
    [REDIS] Connection error: Error: getaddrinfo ENOTFOUND turntable.proxy.rlwy.net
        at GetAddrInfoReqWrap.onlookupall [as oncomplete] (node:dns:122:26) {
      errno: -3008,
      code: 'ENOTFOUND',
      syscall: 'getaddrinfo',
      hostname: 'turntable.proxy.rlwy.net'
    }

    [0m [90m  7 |[39m
     [90m  8 |[39m redis[33m.[39mon([32m'connect'[39m[33m,[39m () [33m=>[39m console[33m.[39mlog([32m'[REDIS] Connected successfully'[39m))[33m;[39m
    [31m[1m>[22m[39m[90m  9 |[39m redis[33m.[39mon([32m'error'[39m[33m,[39m (err) [33m=>[39m console[33m.[39merror([32m'[REDIS] Connection error:'[39m[33m,[39m err))[33m;[39m
     [90m    |[39m                                    [31m[1m^[22m[39m
     [90m 10 |[39m
     [90m 11 |[39m [90m/**[39m
     [90m 12 |[39m [90m * Live State Management Service[39m[0m

      at EventEmitter.<anonymous> (services/liveState.service.js:9:36)
      at EventEmitter.silentEmit (node_modules/ioredis/built/Redis.js:529:30)
      at Socket.<anonymous> (node_modules/ioredis/built/redis/event_handler.js:221:14)

  console.error
    [REDIS] Connection error: Error: connect ETIMEDOUT
        at Socket.<anonymous> (C:\Users\saavi\OneDrive\Desktop\kridaz\kridaz\server\node_modules\ioredis\built\Redis.js:171:41)
        at Object.onceWrapper (node:events:622:28)
        at Socket.emit (node:events:508:28)
        at Socket._onTimeout (node:net:604:8)
        at listOnTimeout (node:internal/timers:605:17)
        at processTimers (node:internal/timers:541:7) {
      errorno: 'ETIMEDOUT',
      code: 'ETIMEDOUT',
      syscall: 'connect'
    }

    [0m [90m  7 |[39m
     [90m  8 |[39m redis[33m.[39mon([32m'connect'[39m[33m,[39m () [33m=>[39m console[33m.[39mlog([32m'[REDIS] Connected successfully'[39m))[33m;[39m
    [31m[1m>[22m[39m[90m  9 |[39m redis[33m.[39mon([32m'error'[39m[33m,[39m (err) [33m=>[39m console[33m.[39merror([32m'[REDIS] Connection error:'[39m[33m,[39m err))[33m;[39m
     [90m    |[39m                                    [31m[1m^[22m[39m
     [90m 10 |[39m
     [90m 11 |[39m [90m/**[39m
     [90m 12 |[39m [90m * Live State Management Service[39m[0m

      at EventEmitter.<anonymous> (services/liveState.service.js:9:36)
      at EventEmitter.silentEmit (node_modules/ioredis/built/Redis.js:529:30)
      at node_modules/ioredis/built/redis/event_handler.js:221:14
      at Socket.<anonymous> (node_modules/ioredis/built/Redis.js:178:61)


  ΓùÅ  Cannot log after tests are done. Did you forget to wait for something async in your test?
    Attempted to log "[REDIS] Connected successfully".

    [0m [90m  6 |[39m [36mconst[39m redis [33m=[39m [36mnew[39m 
[33mRedis[39m(process[33m.[39menv[33m.[39m[33mREDIS_URL[39m [33m||[39m 
[32m'redis://localhost:6379'[39m)[33m;[39m
     [90m  7 |[39m
    [31m[1m>[22m[39m[90m  8 |[39m redis[33m.[39mon([32m'connect'[39m[33m,[39m () [33m=>[39m 
console[33m.[39mlog([32m'[REDIS] Connected successfully'[39m))[33m;[39m
     [90m    |[39m                                   [31m[1m^[22m[39m
     [90m  9 |[39m redis[33m.[39mon([32m'error'[39m[33m,[39m (err) [33m=>[39m 
console[33m.[39merror([32m'[REDIS] Connection error:'[39m[33m,[39m err))[33m;[39m
     [90m 10 |[39m
     [90m 11 |[39m [90m/**[39m[0m

      at console.log (node_modules/@jest/console/build/CustomConsole.js:141:10)
      at EventEmitter.<anonymous> (services/liveState.service.js:8:35)

